{
  "events": [
    {
      "ts": 1774476960273545000,
      "label": "+ /home/user/.work/qemu/build/qemu-system-aarch64 -plugin /home/user/.work/qemu/build/..//build/contrib/plugins/libuftrace.so,trace-privilege-level=on -nodefaults -display none -serial mon:stdio -netdev user,id=vnet -device virtio-net-pci,netdev=vnet -M virt,secure=on,virtualization=on,gic-version=3,iommu=smmuv3,acpi=off -cpu max,x-rme=on -smp 1 -m 2G -bios ./out/flash.bin -kernel ./out/Image -drive format=raw,file=./out/host.ext4,if=virtio -append 'nokaslr root=/dev/vda rw init=/init -- env INIT=true /host/host.sh' -virtfs local,path=/home/user/.work/qemu-linux-stack/,mount_tag=host,security_model=mapped,readonly=off"
    },
    {
      "ts": 1774476960390947000,
      "label": "NOTICE:  Booting Trusted Firmware"
    },
    {
      "ts": 1774476960391456000,
      "label": "NOTICE:  BL1: v2.14.0(debug):sandbox/v2.14-1-ga3eddc3"
    },
    {
      "ts": 1774476960391612000,
      "label": "NOTICE:  BL1: Built : 22:10:54, Mar 25 2026"
    },
    {
      "ts": 1774476960392269000,
      "label": "INFO:    BL1: RAM 0xe0ee000 - 0xe0f6000"
    },
    {
      "ts": 1774476960393564000,
      "label": "INFO:    BL1: Loading BL2"
    },
    {
      "ts": 1774476960396802000,
      "label": "INFO:    Loading image id=1 at address 0xe05b000"
    },
    {
      "ts": 1774476960401968000,
      "label": "INFO:    Image id=1 loaded: 0xe05b000 - 0xe0642bc"
    },
    {
      "ts": 1774476960402836000,
      "label": "NOTICE:  BL1: Booting BL2"
    },
    {
      "ts": 1774476960403137000,
      "label": "INFO:    Entry point address = 0xe05b000"
    },
    {
      "ts": 1774476960403321000,
      "label": "INFO:    SPSR = 0x3cd"
    },
    {
      "ts": 1774476960417110000,
      "label": "NOTICE:  BL2: v2.14.0(debug):sandbox/v2.14-1-ga3eddc3"
    },
    {
      "ts": 1774476960417332000,
      "label": "NOTICE:  BL2: Built : 22:10:55, Mar 25 2026"
    },
    {
      "ts": 1774476960417848000,
      "label": "INFO:    BL2: Doing platform setup"
    },
    {
      "ts": 1774476960670717000,
      "label": "INFO:    Reserved RMM memory [0x40100000, 0x418fffff] in Device tree"
    },
    {
      "ts": 1774476960672782000,
      "label": "INFO:    BL2: Loading image id 3"
    },
    {
      "ts": 1774476960675871000,
      "label": "INFO:    Loading image id=3 at address 0xe090000"
    },
    {
      "ts": 1774476960686708000,
      "label": "INFO:    Image id=3 loaded: 0xe090000 - 0xe0a3157"
    },
    {
      "ts": 1774476960687757000,
      "label": "INFO:    BL2: Loading image id 35"
    },
    {
      "ts": 1774476960688089000,
      "label": "INFO:    Loading image id=35 at address 0x40100000"
    },
    {
      "ts": 1774476960770284000,
      "label": "INFO:    Image id=35 loaded: 0x40100000 - 0x4019c350"
    },
    {
      "ts": 1774476960770941000,
      "label": "INFO:    BL2: Loading image id 5"
    },
    {
      "ts": 1774476960771454000,
      "label": "INFO:    Loading image id=5 at address 0x60000000"
    },
    {
      "ts": 1774476961173356000,
      "label": "INFO:    Image id=5 loaded: 0x60000000 - 0x60300000"
    },
    {
      "ts": 1774476961177794000,
      "label": "NOTICE:  BL2: Booting BL31"
    },
    {
      "ts": 1774476961177976000,
      "label": "INFO:    Entry point address = 0xe090000"
    },
    {
      "ts": 1774476961178170000,
      "label": "INFO:    SPSR = 0x3cd"
    },
    {
      "ts": 1774476961190714000,
      "label": "INFO:    GPT: Boot Configuration"
    },
    {
      "ts": 1774476961191482000,
      "label": "INFO:      PPS/T:     0x2/40"
    },
    {
      "ts": 1774476961191612000,
      "label": "INFO:      PGS/P:     0x0/12"
    },
    {
      "ts": 1774476961191753000,
      "label": "INFO:      L0GPTSZ/S: 0x0/30"
    },
    {
      "ts": 1774476961191854000,
      "label": "INFO:      PAS count: 6"
    },
    {
      "ts": 1774476961192130000,
      "label": "INFO:      L0 base:   0xeefe000"
    },
    {
      "ts": 1774476961206241000,
      "label": "INFO:    Enabling Granule Protection Checks"
    },
    {
      "ts": 1774476961209035000,
      "label": "NOTICE:  BL31: v2.14.0(debug):sandbox/v2.14-1-ga3eddc3"
    },
    {
      "ts": 1774476961209283000,
      "label": "NOTICE:  BL31: Built : 22:10:56, Mar 25 2026"
    },
    {
      "ts": 1774476961210623000,
      "label": "INFO:    GICv3 without legacy support detected."
    },
    {
      "ts": 1774476961210824000,
      "label": "INFO:    ARM GICv3 driver initialized in EL3"
    },
    {
      "ts": 1774476961211456000,
      "label": "INFO:    Maximum SPI INTID supported: 287"
    },
    {
      "ts": 1774476961214355000,
      "label": "INFO:    BL31: Initializing runtime services"
    },
    {
      "ts": 1774476961220099000,
      "label": "INFO:    RMM setup done."
    },
    {
      "ts": 1774476961220413000,
      "label": "INFO:    BL31: Initializing RMM"
    },
    {
      "ts": 1774476961220768000,
      "label": "INFO:    RMM init start."
    },
    {
      "ts": 1774476961240668000,
      "label": "WARNING: Unexpected bits 0x40100000 were set in register 1e1140!"
    },
    {
      "ts": 1774476961257195000,
      "label": "RMM_MEM_SCRUB_METHOD is default."
    },
    {
      "ts": 1774476961263565000,
      "label": "Booting RMM v.0.8.0(debug) tf-rmm-v0.8.0-2-g44bbf9d Built: Mar 25 2026 22:10:47 with GCC 14.2.0"
    },
    {
      "ts": 1774476961264774000,
      "label": "RMM-EL3 Interface v.0.8"
    },
    {
      "ts": 1774476961264967000,
      "label": "Boot Manifest Interface v.0.5"
    },
    {
      "ts": 1774476961265398000,
      "label": "RMI ABI revision v1.0"
    },
    {
      "ts": 1774476961265551000,
      "label": "RSI ABI revision v1.0"
    },
    {
      "ts": 1774476962308250000,
      "label": "INFO:    RMM init end."
    },
    {
      "ts": 1774476962308825000,
      "label": "INFO:    BL31: Preparing for EL3 exit to normal world"
    },
    {
      "ts": 1774476962309030000,
      "label": "INFO:    Entry point address = 0x60000000"
    },
    {
      "ts": 1774476962309233000,
      "label": "INFO:    SPSR = 0x3c9"
    },
    {
      "ts": 1774476962354888000,
      "label": "Loading driver at 0x00060009160 EntryPoint=0x00000000000"
    },
    {
      "ts": 1774476962415361000,
      "label": "ArmVirtGetMemoryMap: Dumping System DRAM Memory Map:"
    },
    {
      "ts": 1774476962415424000,
      "label": "\tPhysicalBase: 0x40000000"
    },
    {
      "ts": 1774476962415489000,
      "label": "\tVirtualBase: 0x40000000"
    },
    {
      "ts": 1774476962415544000,
      "label": "\tLength: 0x80000000"
    },
    {
      "ts": 1774476962480793000,
      "label": "UEFI firmware (version  built at 22:09:04 on Mar 25 2026)"
    },
    {
      "ts": 1774476962578082000,
      "label": "PlatformPeim: PL011 UART (console) @ 0x9000000"
    },
    {
      "ts": 1774476962625709000,
      "label": "PlatformPeim: PL011 UART (debug) @ 0x9000000"
    },
    {
      "ts": 1774476966929897000,
      "label": "add-symbol-file /home/user/.work/qemu-linux-stack/edk2-234cfea32/Build/ArmVirtQemuKernel-AARCH64/DEBUG_GCC5/AARCH64/MdeModulePkg/Core/Dxe/DxeMain/DEBUG/DxeCore.dll 0xBF2BC000"
    },
    {
      "ts": 1774476966984228000,
      "label": "Loading DxeCore at 0x00BF2BB000 EntryPoint=0x00BF2DA418"
    },
    {
      "ts": 1774476966991457000,
      "label": "CoreInitializeMemoryServices:"
    },
    {
      "ts": 1774476966993233000,
      "label": "  BaseAddress - 0xBC001000 Length - 0x329A000 MinimalMemorySizeNeeded - 0x1D2000"
    },
    {
      "ts": 1774476967008904000,
      "label": "InstallProtocolInterface: 5B1B31A1-9562-11D2-8E3F-00A0C969723B BF2E38E0"
    },
    {
      "ts": 1774476967012490000,
      "label": "ProtectUefiImageCommon - 0xBF2E38E0"
    },
    {
      "ts": 1774476967012797000,
      "label": "  - 0x00000000BF2BB000 - 0x0000000000046000"
    },
    {
      "ts": 1774476967031176000,
      "label": "DxeMain: MemoryBaseAddress=0xBC001000 MemoryLength=0x329A000"
    },
    {
      "ts": 1774476967033166000,
      "label": "add-symbol-file /home/user/.work/qemu-linux-stack/edk2-234cfea32/Build/ArmVirtQemuKernel-AARCH64/DEBUG_GCC5/AARCH64/MdeModulePkg/Core/Dxe/DxeMain/DEBUG/DxeCore.dll 0xBF2BC000"
    },
    {
      "ts": 1774476978753339000,
      "label": "[    0.000000] Booting Linux on physical CPU 0x0000000000 [0x000f0510]"
    },
    {
      "ts": 1774476978767844000,
      "label": "[    0.000000] Linux version 6.18.0-rc1-g1c7d2f6d9f76 (root@pc) (aarch64-linux-gnu-gcc (Debian 14.2.0-19) 14.2.0, GNU ld (GNU Binutils for Debian) 2.44) #1 SMP PREEMPT Wed Mar 25 22:08:07 UTC 2026"
    },
    {
      "ts": 1774476978768670000,
      "label": "[    0.000000] KASLR disabled on command line"
    },
    {
      "ts": 1774476978769384000,
      "label": "[    0.000000] random: crng init done"
    },
    {
      "ts": 1774476978770257000,
      "label": "[    0.000000] Machine model: linux,dummy-virt"
    },
    {
      "ts": 1774476978771029000,
      "label": "[    0.000000] efi: EFI v2.7 by EDK II"
    },
    {
      "ts": 1774476978773051000,
      "label": "[    0.000000] efi: SMBIOS=0xbe490000 SMBIOS 3.0=0xbe450000 MEMATTR=0xbbab4118 RNG=0xbba98018 MEMRESERVE=0xbba9bf18"
    },
    {
      "ts": 1774476978774981000,
      "label": "[    0.000000] OF: reserved mem: 0x0000000040100000..0x00000000418fffff (24576 KiB) nomap non-reusable rmm"
    },
    {
      "ts": 1774476978777201000,
      "label": "[    0.000000] NUMA: Faking a node at [mem 0x0000000040000000-0x00000000bfffffff]"
    },
    {
      "ts": 1774476978778422000,
      "label": "[    0.000000] NODE_DATA(0) allocated [mem 0xbfc06140-0xbfc087bf]"
    },
    {
      "ts": 1774476978779042000,
      "label": "[    0.000000] Zone ranges:"
    },
    {
      "ts": 1774476978780340000,
      "label": "[    0.000000]   DMA      [mem 0x0000000040000000-0x00000000bfffffff]"
    },
    {
      "ts": 1774476978780996000,
      "label": "[    0.000000]   DMA32    empty"
    },
    {
      "ts": 1774476978781656000,
      "label": "[    0.000000]   Normal   empty"
    },
    {
      "ts": 1774476978782577000,
      "label": "[    0.000000] Movable zone start for each node"
    },
    {
      "ts": 1774476978783372000,
      "label": "[    0.000000] Early memory node ranges"
    },
    {
      "ts": 1774476978784636000,
      "label": "[    0.000000]   node   0: [mem 0x0000000040000000-0x00000000400fffff]"
    },
    {
      "ts": 1774476978785887000,
      "label": "[    0.000000]   node   0: [mem 0x0000000040100000-0x00000000418fffff]"
    },
    {
      "ts": 1774476978787785000,
      "label": "[    0.000000]   node   0: [mem 0x0000000041900000-0x00000000be35ffff]"
    },
    {
      "ts": 1774476978789011000,
      "label": "[    0.000000]   node   0: [mem 0x00000000be360000-0x00000000be3dffff]"
    },
    {
      "ts": 1774476978790215000,
      "label": "[    0.000000]   node   0: [mem 0x00000000be3e0000-0x00000000be43ffff]"
    },
    {
      "ts": 1774476978791435000,
      "label": "[    0.000000]   node   0: [mem 0x00000000be440000-0x00000000be46ffff]"
    },
    {
      "ts": 1774476978792610000,
      "label": "[    0.000000]   node   0: [mem 0x00000000be470000-0x00000000be48ffff]"
    },
    {
      "ts": 1774476978793790000,
      "label": "[    0.000000]   node   0: [mem 0x00000000be490000-0x00000000be58ffff]"
    },
    {
      "ts": 1774476978794982000,
      "label": "[    0.000000]   node   0: [mem 0x00000000be590000-0x00000000be64ffff]"
    },
    {
      "ts": 1774476978796165000,
      "label": "[    0.000000]   node   0: [mem 0x00000000be650000-0x00000000be7dffff]"
    },
    {
      "ts": 1774476978797364000,
      "label": "[    0.000000]   node   0: [mem 0x00000000be7e0000-0x00000000bf0bffff]"
    },
    {
      "ts": 1774476978798828000,
      "label": "[    0.000000]   node   0: [mem 0x00000000bf0c0000-0x00000000bf14ffff]"
    },
    {
      "ts": 1774476978800029000,
      "label": "[    0.000000]   node   0: [mem 0x00000000bf150000-0x00000000bf15ffff]"
    },
    {
      "ts": 1774476978801210000,
      "label": "[    0.000000]   node   0: [mem 0x00000000bf160000-0x00000000bf27ffff]"
    },
    {
      "ts": 1774476978802398000,
      "label": "[    0.000000]   node   0: [mem 0x00000000bf280000-0x00000000bfffffff]"
    },
    {
      "ts": 1774476978803686000,
      "label": "[    0.000000] Initmem setup node 0 [mem 0x0000000040000000-0x00000000bfffffff]"
    },
    {
      "ts": 1774476978804656000,
      "label": "[    0.000000] cma: Reserved 32 MiB at 0x00000000b9600000"
    },
    {
      "ts": 1774476978805609000,
      "label": "[    0.000000] psci: probing for conduit method from DT."
    },
    {
      "ts": 1774476978806494000,
      "label": "[    0.000000] psci: PSCIv1.1 detected in firmware."
    },
    {
      "ts": 1774476978807504000,
      "label": "[    0.000000] psci: Using standard PSCI v0.2 function IDs"
    },
    {
      "ts": 1774476978808437000,
      "label": "[    0.000000] psci: MIGRATE_INFO_TYPE not supported."
    },
    {
      "ts": 1774476978809548000,
      "label": "[    0.000000] psci: SMC Calling Convention v1.5"
    },
    {
      "ts": 1774476978810729000,
      "label": "[    0.000000] percpu: Embedded 24 pages/cpu s60888 r8192 d29224 u98304"
    },
    {
      "ts": 1774476978811752000,
      "label": "[    0.000000] Detected PIPT I-cache on CPU0"
    },
    {
      "ts": 1774476978813068000,
      "label": "[    0.000000] CPU features: detected: Address authentication (IMP DEF algorithm)"
    },
    {
      "ts": 1774476978814067000,
      "label": "[    0.000000] CPU features: detected: GICv3 CPU interface"
    },
    {
      "ts": 1774476978815028000,
      "label": "[    0.000000] CPU features: detected: HCRX_EL2 register"
    },
    {
      "ts": 1774476978816455000,
      "label": "[    0.000000] CPU features: detected: Stage-1 Permission Indirection Extension (S1PIE)"
    },
    {
      "ts": 1774476978817641000,
      "label": "[    0.000000] CPU features: detected: 52-bit Virtual Addressing (LPA2)"
    },
    {
      "ts": 1774476978818806000,
      "label": "[    0.000000] CPU features: detected: Virtualization Host Extensions"
    },
    {
      "ts": 1774476978819951000,
      "label": "[    0.000000] CPU features: detected: Spectre-v4"
    },
    {
      "ts": 1774476978820903000,
      "label": "[    0.000000] alternatives: applying boot alternatives"
    },
    {
      "ts": 1774476978822547000,
      "label": "[    0.000000] Kernel command line: nokaslr root=/dev/vda rw init=/init -- env INIT=true /host/host.sh"
    },
    {
      "ts": 1774476978823898000,
      "label": "[    0.000000] printk: log buffer data + meta data: 131072 + 458752 = 589824 bytes"
    },
    {
      "ts": 1774476978825326000,
      "label": "[    0.000000] Dentry cache hash table entries: 262144 (order: 9, 2097152 bytes, linear)"
    },
    {
      "ts": 1774476978826736000,
      "label": "[    0.000000] Inode-cache hash table entries: 131072 (order: 8, 1048576 bytes, linear)"
    },
    {
      "ts": 1774476978827967000,
      "label": "[    0.000000] software IO TLB: SWIOTLB bounce buffer size adjusted to 2MB"
    },
    {
      "ts": 1774476978828743000,
      "label": "[    0.000000] software IO TLB: area num 1."
    },
    {
      "ts": 1774476978830185000,
      "label": "[    0.000000] software IO TLB: mapped [mem 0x00000000bf5e7000-0x00000000bf7e7000] (2MB)"
    },
    {
      "ts": 1774476978831230000,
      "label": "[    0.000000] Fallback order for Node 0: 0"
    },
    {
      "ts": 1774476978832488000,
      "label": "[    0.000000] Built 1 zonelists, mobility grouping on.  Total pages: 524288"
    },
    {
      "ts": 1774476978833092000,
      "label": "[    0.000000] Policy zone: DMA"
    },
    {
      "ts": 1774476978834368000,
      "label": "[    0.000000] mem auto-init: stack:all(zero), heap alloc:off, heap free:off"
    },
    {
      "ts": 1774476978835604000,
      "label": "[    0.000000] SLUB: HWalign=64, Order=0-3, MinObjects=0, CPUs=1, Nodes=1"
    },
    {
      "ts": 1774476978836723000,
      "label": "[    0.000000] rcu: Preemptible hierarchical RCU implementation."
    },
    {
      "ts": 1774476978837618000,
      "label": "[    0.000000] rcu: \tRCU event tracing is enabled."
    },
    {
      "ts": 1774476978838854000,
      "label": "[    0.000000] rcu: \tRCU restricting CPUs from NR_CPUS=512 to nr_cpu_ids=1."
    },
    {
      "ts": 1774476978839830000,
      "label": "[    0.000000] \tTrampoline variant of Tasks RCU enabled."
    },
    {
      "ts": 1774476978840762000,
      "label": "[    0.000000] \tTracing variant of Tasks RCU enabled."
    },
    {
      "ts": 1774476978843805000,
      "label": "[    0.000000] rcu: RCU calculated value of scheduler-enlistment delay is 10 jiffies."
    },
    {
      "ts": 1774476978845034000,
      "label": "[    0.000000] rcu: Adjusting geometry for rcu_fanout_leaf=16, nr_cpu_ids=1"
    },
    {
      "ts": 1774476978846599000,
      "label": "[    0.000000] RCU Tasks: Setting shift to 0 and lim to 1 rcu_task_cb_adjust=1 rcu_task_cpu_ids=1."
    },
    {
      "ts": 1774476978848235000,
      "label": "[    0.000000] RCU Tasks Trace: Setting shift to 0 and lim to 1 rcu_task_cb_adjust=1 rcu_task_cpu_ids=1."
    },
    {
      "ts": 1774476978849271000,
      "label": "[    0.000000] NR_IRQS: 64, nr_irqs: 64, preallocated irqs: 0"
    },
    {
      "ts": 1774476978850264000,
      "label": "[    0.000000] GICv3: GIC: Using split EOI/Deactivate mode"
    },
    {
      "ts": 1774476978851025000,
      "label": "[    0.000000] GICv3: 256 SPIs implemented"
    },
    {
      "ts": 1774476978852152000,
      "label": "[    0.000000] GICv3: 0 Extended SPIs implemented"
    },
    {
      "ts": 1774476978852968000,
      "label": "[    0.000000] Root IRQ handler: gic_handle_irq"
    },
    {
      "ts": 1774476978853755000,
      "label": "[    0.000000] GICv3: GICv3 features: 16 PPIs"
    },
    {
      "ts": 1774476978854641000,
      "label": "[    0.000000] GICv3: GICD_CTLR.DS=0, SCR_EL3.FIQ=0"
    },
    {
      "ts": 1774476978855916000,
      "label": "[    0.000000] GICv3: CPU0: found redistributor 0 region 0:0x00000000080a0000"
    },
    {
      "ts": 1774476978856729000,
      "label": "[    0.000000] ITS [mem 0x08080000-0x0809ffff]"
    },
    {
      "ts": 1774476978858418000,
      "label": "[    0.000000] ITS@0x0000000008080000: allocated 8192 Devices @41c40000 (indirect, esz 8, psz 64K, shr 1)"
    },
    {
      "ts": 1774476978860240000,
      "label": "[    0.000000] ITS@0x0000000008080000: allocated 8192 Interrupt Collections @41c50000 (flat, esz 8, psz 64K, shr 1)"
    },
    {
      "ts": 1774476978861355000,
      "label": "[    0.000000] GICv3: using LPI property table @0x0000000041c60000"
    },
    {
      "ts": 1774476978862910000,
      "label": "[    0.000000] GICv3: CPU0: using allocated LPI pending table @0x0000000041c70000"
    },
    {
      "ts": 1774476978864148000,
      "label": "[    0.000000] rcu: srcu_init: Setting srcu_struct sizes based on contention."
    },
    {
      "ts": 1774476978865244000,
      "label": "[    0.000000] arch_timer: cp15 timer running at 1000.00MHz (phys)."
    },
    {
      "ts": 1774476978867172000,
      "label": "[    0.000000] clocksource: arch_sys_counter: mask: 0x1fffffffffffffff max_cycles: 0x1cd42e4dffb, max_idle_ns: 881590591483 ns"
    },
    {
      "ts": 1774476978868604000,
      "label": "[    0.000253] sched_clock: 61 bits at 1000MHz, resolution 1ns, wraps every 4398046511103ns"
    },
    {
      "ts": 1774476978869447000,
      "label": "[    0.068536] Console: colour dummy device 80x25"
    },
    {
      "ts": 1774476978870332000,
      "label": "[    0.077240] printk: legacy console [tty0] enabled"
    },
    {
      "ts": 1774476978872214000,
      "label": "[    0.136513] Calibrating delay loop (skipped), value calculated using timer frequency.. 2000.00 BogoMIPS (lpj=10000000)"
    },
    {
      "ts": 1774476978873339000,
      "label": "[    0.139573] pid_max: default: 32768 minimum: 301"
    },
    {
      "ts": 1774476978874178000,
      "label": "[    0.155840] LSM: initializing lsm=capability"
    },
    {
      "ts": 1774476978875551000,
      "label": "[    0.170413] Mount-cache hash table entries: 4096 (order: 3, 32768 bytes, linear)"
    },
    {
      "ts": 1774476978876983000,
      "label": "[    0.171365] Mountpoint-cache hash table entries: 4096 (order: 3, 32768 bytes, linear)"
    },
    {
      "ts": 1774476978878111000,
      "label": "[    0.324815] cacheinfo: Unable to detect cache hierarchy for CPU 0"
    },
    {
      "ts": 1774476978879025000,
      "label": "[    0.404669] rcu: Hierarchical SRCU implementation."
    },
    {
      "ts": 1774476978880012000,
      "label": "[    0.405465] rcu: \tMax phase no-delay instances is 1000."
    },
    {
      "ts": 1774476978880934000,
      "label": "[    0.434067] fsl-mc MSI: its@8080000 domain created"
    },
    {
      "ts": 1774476978881828000,
      "label": "[    0.477278] Remapping and enabling EFI services."
    },
    {
      "ts": 1774476978882717000,
      "label": "[    0.499133] smp: Bringing up secondary CPUs ..."
    },
    {
      "ts": 1774476978883762000,
      "label": "[    0.503259] smp: Brought up 1 node, 1 CPU"
    },
    {
      "ts": 1774476978884672000,
      "label": "[    0.503879] SMP: Total of 1 processors activated."
    },
    {
      "ts": 1774476978885489000,
      "label": "[    0.509320] CPU: All CPU(s) started at EL2"
    },
    {
      "ts": 1774476978886634000,
      "label": "[    0.510817] CPU features: detected: Branch Target Identification"
    },
    {
      "ts": 1774476978887651000,
      "label": "[    0.511531] CPU features: detected: 32-bit EL0 Support"
    },
    {
      "ts": 1774476978888654000,
      "label": "[    0.512087] CPU features: detected: 32-bit EL1 Support"
    },
    {
      "ts": 1774476978889859000,
      "label": "[    0.512610] CPU features: detected: ARMv8.4 Translation Table Level"
    },
    {
      "ts": 1774476978891528000,
      "label": "[    0.513252] CPU features: detected: Instruction cache invalidation not required for I/D coherence"
    },
    {
      "ts": 1774476978893159000,
      "label": "[    0.514049] CPU features: detected: Data cache clean to the PoU not required for I/D coherence"
    },
    {
      "ts": 1774476978894682000,
      "label": "[    0.517957] CPU features: detected: Common not Private translations"
    },
    {
      "ts": 1774476978895712000,
      "label": "[    0.518551] CPU features: detected: CRC32 instructions"
    },
    {
      "ts": 1774476978897018000,
      "label": "[    0.519070] CPU features: detected: Data independent timing control (DIT)"
    },
    {
      "ts": 1774476978897825000,
      "label": "[    0.519661] CPU features: detected: E0PD"
    },
    {
      "ts": 1774476978899035000,
      "label": "[    0.520147] CPU features: detected: Enhanced Counter Virtualization"
    },
    {
      "ts": 1774476978900381000,
      "label": "[    0.520732] CPU features: detected: Enhanced Counter Virtualization (CNTPOFF)"
    },
    {
      "ts": 1774476978901582000,
      "label": "[    0.521360] CPU features: detected: Enhanced Privileged Access Never"
    },
    {
      "ts": 1774476978902753000,
      "label": "[    0.521946] CPU features: detected: Enhanced Virtualization Traps"
    },
    {
      "ts": 1774476978903773000,
      "label": "[    0.522560] CPU features: detected: Fine Grained Traps"
    },
    {
      "ts": 1774476978905139000,
      "label": "[    0.523212] CPU features: detected: Guarded Control Stack (GCS)"
    },
    {
      "ts": 1774476978906475000,
      "label": "[    0.524102] CPU features: detected: Generic authentication (IMP DEF algorithm)"
    },
    {
      "ts": 1774476978907563000,
      "label": "[    0.525096] CPU features: detected: RCpc load-acquire (LDAPR)"
    },
    {
      "ts": 1774476978908859000,
      "label": "[    0.527828] CPU features: detected: 52-bit Virtual Addressing for KVM (LPA2)"
    },
    {
      "ts": 1774476978909944000,
      "label": "[    0.528464] CPU features: detected: LSE atomic instructions"
    },
    {
      "ts": 1774476978911292000,
      "label": "[    0.529011] CPU features: detected: Memory Copy and Memory Set instructions"
    },
    {
      "ts": 1774476978912383000,
      "label": "[    0.529630] CPU features: detected: Privileged Access Never"
    },
    {
      "ts": 1774476978913196000,
      "label": "[    0.530340] CPU features: detected: PMUv3"
    },
    {
      "ts": 1774476978914035000,
      "label": "[    0.530821] CPU features: detected: SCTLR2"
    },
    {
      "ts": 1774476978915342000,
      "label": "[    0.531287] CPU features: detected: RAS Extension Support"
    },
    {
      "ts": 1774476978916440000,
      "label": "[    0.532124] CPU features: detected: RASv1p1 Extension Support"
    },
    {
      "ts": 1774476978917516000,
      "label": "[    0.532690] CPU features: detected: Random Number Generator"
    },
    {
      "ts": 1774476978918600000,
      "label": "[    0.533228] CPU features: detected: Speculation barrier (SB)"
    },
    {
      "ts": 1774476978919695000,
      "label": "[    0.533768] CPU features: detected: Stage-2 Force Write-Back"
    },
    {
      "ts": 1774476978921089000,
      "label": "[    0.534331] CPU features: detected: Trap EL0 IMPLEMENTATION DEFINED functionality"
    },
    {
      "ts": 1774476978922309000,
      "label": "[    0.534989] CPU features: detected: TLB range maintenance instructions"
    },
    {
      "ts": 1774476978923272000,
      "label": "[    0.535769] CPU features: detected: WFx with timeout"
    },
    {
      "ts": 1774476978924371000,
      "label": "[    0.536753] CPU features: detected: Scalable Matrix Extension"
    },
    {
      "ts": 1774476978925405000,
      "label": "[    0.537317] CPU features: detected: FA64"
    },
    {
      "ts": 1774476978926197000,
      "label": "[    0.537781] CPU features: detected: SME2"
    },
    {
      "ts": 1774476978927499000,
      "label": "[    0.538244] CPU features: detected: Speculative Store Bypassing Safe (SSBS)"
    },
    {
      "ts": 1774476978928588000,
      "label": "[    0.538846] CPU features: detected: Scalable Vector Extension"
    },
    {
      "ts": 1774476978929648000,
      "label": "[    0.584781] alternatives: applying system-wide alternatives"
    },
    {
      "ts": 1774476978930923000,
      "label": "[    0.690129] CPU features: detected: Hardware dirty bit management on CPU0"
    },
    {
      "ts": 1774476978932143000,
      "label": "[    0.694563] SVE: maximum available vector length 256 bytes per vector"
    },
    {
      "ts": 1774476978933187000,
      "label": "[    0.695354] SVE: default vector length 64 bytes per vector"
    },
    {
      "ts": 1774476978934372000,
      "label": "[    0.701085] SME: minimum available vector length 16 bytes per vector"
    },
    {
      "ts": 1774476978935592000,
      "label": "[    0.701675] SME: maximum available vector length 256 bytes per vector"
    },
    {
      "ts": 1774476978936887000,
      "label": "[    0.702249] SME: default vector length 32 bytes per vector"
    },
    {
      "ts": 1774476978939326000,
      "label": "[    0.798285] Memory: 1946920K/2097152K available (18432K kernel code, 5418K rwdata, 12916K rodata, 3264K init, 687K bss, 113752K reserved, 32768K cma-reserved)"
    },
    {
      "ts": 1774476978939994000,
      "label": "[    0.933470] devtmpfs: initialized"
    },
    {
      "ts": 1774476978941726000,
      "label": "[    1.138809] clocksource: jiffies: mask: 0xffffffff max_cycles: 0xffffffff, max_idle_ns: 19112604462750000 ns"
    },
    {
      "ts": 1774476978943026000,
      "label": "[    1.142326] posixtimers hash table entries: 512 (order: 1, 8192 bytes, linear)"
    },
    {
      "ts": 1774476978944545000,
      "label": "[    1.144623] futex hash table entries: 256 (16384 bytes on 1 NUMA nodes, total 16 KiB, linear)."
    },
    {
      "ts": 1774476978945445000,
      "label": "[    1.161465] 22528 pages in range for non-PLT usage"
    },
    {
      "ts": 1774476978946310000,
      "label": "[    1.161852] 514048 pages in range for PLT usage"
    },
    {
      "ts": 1774476978947568000,
      "label": "[    1.176876] pinctrl core: initialized pinctrl subsystem"
    },
    {
      "ts": 1774476978948229000,
      "label": "[    1.284782] SMBIOS 3.0.0 present."
    },
    {
      "ts": 1774476978949390000,
      "label": "[    1.286311] DMI: QEMU QEMU Virtual Machine, BIOS unknown 02/02/2022"
    },
    {
      "ts": 1774476978950224000,
      "label": "[    1.287813] DMI: Memory slots populated: 1/1"
    },
    {
      "ts": 1774476978951339000,
      "label": "[    1.437705] NET: Registered PF_NETLINK/PF_ROUTE protocol family"
    },
    {
      "ts": 1774476978952628000,
      "label": "[    1.499270] DMA: preallocated 256 KiB GFP_KERNEL pool for atomic allocations"
    },
    {
      "ts": 1774476978954041000,
      "label": "[    1.509583] DMA: preallocated 256 KiB GFP_KERNEL|GFP_DMA pool for atomic allocations"
    },
    {
      "ts": 1774476978955494000,
      "label": "[    1.526944] DMA: preallocated 256 KiB GFP_KERNEL|GFP_DMA32 pool for atomic allocations"
    },
    {
      "ts": 1774476978956499000,
      "label": "[    1.528849] audit: initializing netlink subsys (disabled)"
    },
    {
      "ts": 1774476978957920000,
      "label": "[    1.538615] audit: type=2000 audit(1.290:1): state=initialized audit_enabled=0 res=1"
    },
    {
      "ts": 1774476978959296000,
      "label": "[    1.585090] thermal_sys: Registered thermal governor 'step_wise'"
    },
    {
      "ts": 1774476978960480000,
      "label": "[    1.585365] thermal_sys: Registered thermal governor 'power_allocator'"
    },
    {
      "ts": 1774476978961246000,
      "label": "[    1.588232] cpuidle: using governor menu"
    },
    {
      "ts": 1774476978962500000,
      "label": "[    1.598510] hw-breakpoint: found 6 breakpoint and 4 watchpoint registers."
    },
    {
      "ts": 1774476978963534000,
      "label": "[    1.601115] ASID allocator initialised with 65536 entries"
    },
    {
      "ts": 1774476978964325000,
      "label": "[    1.692664] Serial: AMBA PL011 UART driver"
    },
    {
      "ts": 1774476978965873000,
      "label": "[    2.406713] 9000000.pl011: ttyAMA0 at MMIO 0x9000000 (irq = 15, base_baud = 0) is a PL011 rev1"
    },
    {
      "ts": 1774476978966717000,
      "label": "[    2.420194] printk: console [ttyAMA0] enabled"
    },
    {
      "ts": 1774476979063466000,
      "label": "[    2.734987] HugeTLB: registered 1.00 GiB page size, pre-allocated 0 pages"
    },
    {
      "ts": 1774476979065750000,
      "label": "[    2.737428] HugeTLB: 0 KiB vmemmap can be freed for a 1.00 GiB page"
    },
    {
      "ts": 1774476979068146000,
      "label": "[    2.739685] HugeTLB: registered 32.0 MiB page size, pre-allocated 0 pages"
    },
    {
      "ts": 1774476979070447000,
      "label": "[    2.742037] HugeTLB: 0 KiB vmemmap can be freed for a 32.0 MiB page"
    },
    {
      "ts": 1774476979073165000,
      "label": "[    2.744628] HugeTLB: registered 2.00 MiB page size, pre-allocated 0 pages"
    },
    {
      "ts": 1774476979075529000,
      "label": "[    2.747086] HugeTLB: 0 KiB vmemmap can be freed for a 2.00 MiB page"
    },
    {
      "ts": 1774476979078036000,
      "label": "[    2.749502] HugeTLB: registered 64.0 KiB page size, pre-allocated 0 pages"
    },
    {
      "ts": 1774476979080374000,
      "label": "[    2.751959] HugeTLB: 0 KiB vmemmap can be freed for a 64.0 KiB page"
    },
    {
      "ts": 1774476979156156000,
      "label": "[    2.828177] ACPI: Interpreter disabled."
    },
    {
      "ts": 1774476979271326000,
      "label": "[    2.943069] iommu: Default domain type: Translated"
    },
    {
      "ts": 1774476979274011000,
      "label": "[    2.945630] iommu: DMA domain TLB invalidation policy: strict mode"
    },
    {
      "ts": 1774476979286518000,
      "label": "[    2.958579] SCSI subsystem initialized"
    },
    {
      "ts": 1774476979314164000,
      "label": "[    2.985836] usbcore: registered new interface driver usbfs"
    },
    {
      "ts": 1774476979318271000,
      "label": "[    2.990011] usbcore: registered new interface driver hub"
    },
    {
      "ts": 1774476979321674000,
      "label": "[    2.993491] usbcore: registered new device driver usb"
    },
    {
      "ts": 1774476979360510000,
      "label": "[    3.032119] pps_core: LinuxPPS API ver. 1 registered"
    },
    {
      "ts": 1774476979363146000,
      "label": "[    3.034355] pps_core: Software ver. 5.3.6 - Copyright 2005-2007 Rodolfo Giometti <giometti@linux.it>"
    },
    {
      "ts": 1774476979365595000,
      "label": "[    3.037663] PTP clock support registered"
    },
    {
      "ts": 1774476979371528000,
      "label": "[    3.043725] EDAC MC: Ver: 3.0.0"
    },
    {
      "ts": 1774476979384932000,
      "label": "[    3.056849] scmi_core: SCMI protocol bus registered"
    },
    {
      "ts": 1774476979404693000,
      "label": "[    3.076688] efivars: Registered efivars operations"
    },
    {
      "ts": 1774476979447766000,
      "label": "[    3.119841] FPGA manager framework"
    },
    {
      "ts": 1774476979516923000,
      "label": "[    3.189153] vgaarb: loaded"
    },
    {
      "ts": 1774476979531300000,
      "label": "[    3.202845] clocksource: Switched to clocksource arch_sys_counter"
    },
    {
      "ts": 1774476979547295000,
      "label": "[    3.219272] VFS: Disk quotas dquot_6.6.0"
    },
    {
      "ts": 1774476979550295000,
      "label": "[    3.221869] VFS: Dquot-cache hash table entries: 512 (order 0, 4096 bytes)"
    },
    {
      "ts": 1774476979565241000,
      "label": "[    3.237371] pnp: PnP ACPI: disabled"
    },
    {
      "ts": 1774476979786946000,
      "label": "[    3.458745] NET: Registered PF_INET protocol family"
    },
    {
      "ts": 1774476979795293000,
      "label": "[    3.466414] IP idents hash table entries: 32768 (order: 6, 262144 bytes, linear)"
    },
    {
      "ts": 1774476979832846000,
      "label": "[    3.504031] tcp_listen_portaddr_hash hash table entries: 1024 (order: 2, 16384 bytes, linear)"
    },
    {
      "ts": 1774476979836067000,
      "label": "[    3.507280] Table-perturb hash table entries: 65536 (order: 6, 262144 bytes, linear)"
    },
    {
      "ts": 1774476979839062000,
      "label": "[    3.510322] TCP established hash table entries: 16384 (order: 5, 131072 bytes, linear)"
    },
    {
      "ts": 1774476979846616000,
      "label": "[    3.517938] TCP bind hash table entries: 16384 (order: 7, 524288 bytes, linear)"
    },
    {
      "ts": 1774476979870969000,
      "label": "[    3.542632] TCP: Hash tables configured (established 16384 bind 16384)"
    },
    {
      "ts": 1774476979877805000,
      "label": "[    3.549379] UDP hash table entries: 1024 (order: 4, 65536 bytes, linear)"
    },
    {
      "ts": 1774476979881978000,
      "label": "[    3.553472] UDP-Lite hash table entries: 1024 (order: 4, 65536 bytes, linear)"
    },
    {
      "ts": 1774476979890409000,
      "label": "[    3.562217] NET: Registered PF_UNIX/PF_LOCAL protocol family"
    },
    {
      "ts": 1774476979906794000,
      "label": "[    3.578041] RPC: Registered named UNIX socket transport module."
    },
    {
      "ts": 1774476979908778000,
      "label": "[    3.580331] RPC: Registered udp transport module."
    },
    {
      "ts": 1774476979910952000,
      "label": "[    3.582481] RPC: Registered tcp transport module."
    },
    {
      "ts": 1774476979912997000,
      "label": "[    3.584377] RPC: Registered tcp-with-tls transport module."
    },
    {
      "ts": 1774476979915307000,
      "label": "[    3.586417] RPC: Registered tcp NFSv4.1 backchannel transport module."
    },
    {
      "ts": 1774476979917100000,
      "label": "[    3.589099] PCI: CLS 0 bytes, default 64"
    },
    {
      "ts": 1774476980077600000,
      "label": "[    3.749256] kvm [1]: nv: 568 coarse grained trap handlers"
    },
    {
      "ts": 1774476980105505000,
      "label": "[    3.777227] kvm [1]: nv: 664 fine grained trap handlers"
    },
    {
      "ts": 1774476980131431000,
      "label": "SMC_RMI_VERSION                   10000 > RMI_SUCCESS 10000 10000"
    },
    {
      "ts": 1774476980133958000,
      "label": "[    3.805913] kvm [1]: RMI ABI version 1.0"
    },
    {
      "ts": 1774476980140835000,
      "label": "[    3.812748] kvm [1]: IPA Size Limit: 52 bits"
    },
    {
      "ts": 1774476980145287000,
      "label": "[    3.817229] kvm [1]: GICv3: no GICV resource entry"
    },
    {
      "ts": 1774476980147491000,
      "label": "[    3.819492] kvm [1]: disabling GICv2 emulation"
    },
    {
      "ts": 1774476980150340000,
      "label": "[    3.822066] kvm [1]: GIC system register CPU interface enabled"
    },
    {
      "ts": 1774476980156036000,
      "label": "[    3.828106] kvm [1]: vgic interrupt IRQ9"
    },
    {
      "ts": 1774476980160780000,
      "label": "[    3.832599] kvm [1]: VHE mode initialized successfully"
    },
    {
      "ts": 1774476980199622000,
      "label": "[    3.871334] Initialise system trusted keyrings"
    },
    {
      "ts": 1774476980208618000,
      "label": "[    3.880227] workingset: timestamp_bits=42 max_order=19 bucket_order=0"
    },
    {
      "ts": 1774476980227298000,
      "label": "[    3.899031] squashfs: version 4.0 (2009/01/31) Phillip Lougher"
    },
    {
      "ts": 1774476980238984000,
      "label": "[    3.910814] NFS: Registering the id_resolver key type"
    },
    {
      "ts": 1774476980242258000,
      "label": "[    3.914256] Key type id_resolver registered"
    },
    {
      "ts": 1774476980244134000,
      "label": "[    3.916158] Key type id_legacy registered"
    },
    {
      "ts": 1774476980247985000,
      "label": "[    3.919551] nfs4filelayout_init: NFSv4 File Layout Driver Registering..."
    },
    {
      "ts": 1774476980251055000,
      "label": "[    3.922495] nfs4flexfilelayout_init: NFSv4 Flexfile Layout Driver Registering..."
    },
    {
      "ts": 1774476980257710000,
      "label": "[    3.929454] 9p: Installing v9fs 9p2000 file system support"
    },
    {
      "ts": 1774476980947148000,
      "label": "[    4.619113] Key type asymmetric registered"
    },
    {
      "ts": 1774476980949573000,
      "label": "[    4.621138] Asymmetric key parser 'x509' registered"
    },
    {
      "ts": 1774476980953402000,
      "label": "[    4.624967] Block layer SCSI generic (bsg) driver version 0.4 loaded (major 244)"
    },
    {
      "ts": 1774476980955815000,
      "label": "[    4.627814] io scheduler mq-deadline registered"
    },
    {
      "ts": 1774476980957799000,
      "label": "[    4.629855] io scheduler kyber registered"
    },
    {
      "ts": 1774476980961458000,
      "label": "[    4.633542] io scheduler bfq registered"
    },
    {
      "ts": 1774476981402756000,
      "label": "[    5.074094] pl061_gpio 9030000.pl061: PL061 GPIO chip registered"
    },
    {
      "ts": 1774476981465481000,
      "label": "[    5.137230] ledtrig-cpu: registered to indicate activity on CPUs"
    },
    {
      "ts": 1774476981503073000,
      "label": "[    5.174294] pci-host-generic 4010000000.pcie: host bridge /pcie@10000000 ranges:"
    },
    {
      "ts": 1774476981508950000,
      "label": "[    5.179751] pci-host-generic 4010000000.pcie:       IO 0x003eff0000..0x003effffff -> 0x0000000000"
    },
    {
      "ts": 1774476981513946000,
      "label": "[    5.185117] pci-host-generic 4010000000.pcie:      MEM 0x0010000000..0x003efeffff -> 0x0010000000"
    },
    {
      "ts": 1774476981517060000,
      "label": "[    5.188227] pci-host-generic 4010000000.pcie:      MEM 0x8000000000..0xffffffffff -> 0x8000000000"
    },
    {
      "ts": 1774476981523040000,
      "label": "[    5.194361] pci-host-generic 4010000000.pcie: Memory resource size exceeds max for 32 bits"
    },
    {
      "ts": 1774476981530067000,
      "label": "[    5.199736] pci-host-generic 4010000000.pcie: ECAM at [mem 0x4010000000-0x401fffffff] for [bus 00-ff]"
    },
    {
      "ts": 1774476981540212000,
      "label": "[    5.211615] pci-host-generic 4010000000.pcie: PCI host bridge to bus 0000:00"
    },
    {
      "ts": 1774476981543403000,
      "label": "[    5.215108] pci_bus 0000:00: root bus resource [bus 00-ff]"
    },
    {
      "ts": 1774476981546077000,
      "label": "[    5.217506] pci_bus 0000:00: root bus resource [io  0x0000-0xffff]"
    },
    {
      "ts": 1774476981548580000,
      "label": "[    5.219994] pci_bus 0000:00: root bus resource [mem 0x10000000-0x3efeffff]"
    },
    {
      "ts": 1774476981551468000,
      "label": "[    5.222800] pci_bus 0000:00: root bus resource [mem 0x8000000000-0xffffffffff]"
    },
    {
      "ts": 1774476981561484000,
      "label": "[    5.232727] pci 0000:00:00.0: [1b36:0008] type 00 class 0x060000 conventional PCI endpoint"
    },
    {
      "ts": 1774476981586641000,
      "label": "[    5.257784] pci 0000:00:01.0: [1af4:1000] type 00 class 0x020000 conventional PCI endpoint"
    },
    {
      "ts": 1774476981590678000,
      "label": "[    5.262357] pci 0000:00:01.0: BAR 0 [io  0x00a0-0x00bf]"
    },
    {
      "ts": 1774476981593287000,
      "label": "[    5.264805] pci 0000:00:01.0: BAR 1 [mem 0x10042000-0x10042fff]"
    },
    {
      "ts": 1774476981596590000,
      "label": "[    5.267526] pci 0000:00:01.0: BAR 4 [mem 0x8000000000-0x8000003fff 64bit pref]"
    },
    {
      "ts": 1774476981599733000,
      "label": "[    5.270874] pci 0000:00:01.0: ROM [mem 0xfffc0000-0xffffffff pref]"
    },
    {
      "ts": 1774476981609008000,
      "label": "[    5.279956] pci 0000:00:02.0: [1af4:1009] type 00 class 0x000200 conventional PCI endpoint"
    },
    {
      "ts": 1774476981612134000,
      "label": "[    5.283764] pci 0000:00:02.0: BAR 0 [io  0x0080-0x009f]"
    },
    {
      "ts": 1774476981614498000,
      "label": "[    5.286048] pci 0000:00:02.0: BAR 1 [mem 0x10041000-0x10041fff]"
    },
    {
      "ts": 1774476981617143000,
      "label": "[    5.288485] pci 0000:00:02.0: BAR 4 [mem 0x8000004000-0x8000007fff 64bit pref]"
    },
    {
      "ts": 1774476981625977000,
      "label": "[    5.297138] pci 0000:00:03.0: [1af4:1001] type 00 class 0x010000 conventional PCI endpoint"
    },
    {
      "ts": 1774476981628695000,
      "label": "[    5.300395] pci 0000:00:03.0: BAR 0 [io  0x0000-0x007f]"
    },
    {
      "ts": 1774476981631311000,
      "label": "[    5.302884] pci 0000:00:03.0: BAR 1 [mem 0x10040000-0x10040fff]"
    },
    {
      "ts": 1774476981633937000,
      "label": "[    5.305272] pci 0000:00:03.0: BAR 4 [mem 0x8000008000-0x800000bfff 64bit pref]"
    },
    {
      "ts": 1774476981671283000,
      "label": "[    5.342635] pci 0000:00:01.0: ROM [mem 0x10000000-0x1003ffff pref]: assigned"
    },
    {
      "ts": 1774476981675136000,
      "label": "[    5.346363] pci 0000:00:01.0: BAR 4 [mem 0x8000000000-0x8000003fff 64bit pref]: assigned"
    },
    {
      "ts": 1774476981678622000,
      "label": "[    5.349783] pci 0000:00:02.0: BAR 4 [mem 0x8000004000-0x8000007fff 64bit pref]: assigned"
    },
    {
      "ts": 1774476981682137000,
      "label": "[    5.353272] pci 0000:00:03.0: BAR 4 [mem 0x8000008000-0x800000bfff 64bit pref]: assigned"
    },
    {
      "ts": 1774476981685008000,
      "label": "[    5.356339] pci 0000:00:01.0: BAR 1 [mem 0x10040000-0x10040fff]: assigned"
    },
    {
      "ts": 1774476981687809000,
      "label": "[    5.359112] pci 0000:00:02.0: BAR 1 [mem 0x10041000-0x10041fff]: assigned"
    },
    {
      "ts": 1774476981690895000,
      "label": "[    5.362184] pci 0000:00:03.0: BAR 1 [mem 0x10042000-0x10042fff]: assigned"
    },
    {
      "ts": 1774476981693554000,
      "label": "[    5.365005] pci 0000:00:03.0: BAR 0 [io  0x1000-0x107f]: assigned"
    },
    {
      "ts": 1774476981696233000,
      "label": "[    5.367688] pci 0000:00:01.0: BAR 0 [io  0x1080-0x109f]: assigned"
    },
    {
      "ts": 1774476981698834000,
      "label": "[    5.370263] pci 0000:00:02.0: BAR 0 [io  0x10a0-0x10bf]: assigned"
    },
    {
      "ts": 1774476981706497000,
      "label": "[    5.378350] pci_bus 0000:00: resource 4 [io  0x0000-0xffff]"
    },
    {
      "ts": 1774476981708697000,
      "label": "[    5.380367] pci_bus 0000:00: resource 5 [mem 0x10000000-0x3efeffff]"
    },
    {
      "ts": 1774476981711337000,
      "label": "[    5.382826] pci_bus 0000:00: resource 6 [mem 0x8000000000-0xffffffffff]"
    },
    {
      "ts": 1774476983020095000,
      "label": "[    6.691709] Serial: 8250/16550 driver, 4 ports, IRQ sharing enabled"
    },
    {
      "ts": 1774476983181207000,
      "label": "[    6.853112] msm_serial: driver initialized"
    },
    {
      "ts": 1774476983197952000,
      "label": "[    6.869747] SuperH (H)SCI(F) driver initialized"
    },
    {
      "ts": 1774476983209816000,
      "label": "[    6.881707] STM32 USART driver initialized"
    },
    {
      "ts": 1774476983313653000,
      "label": "[    6.984958] arm-smmu-v3 9050000.smmuv3: ias 44-bit, oas 44-bit (features 0x01088705)"
    },
    {
      "ts": 1774476983342713000,
      "label": "[    7.014149] arm-smmu-v3 9050000.smmuv3: allocated 65536 entries for cmdq"
    },
    {
      "ts": 1774476983351965000,
      "label": "[    7.023398] arm-smmu-v3 9050000.smmuv3: allocated 32768 entries for evtq"
    },
    {
      "ts": 1774476983392388000,
      "label": "[    7.064178] pci 0000:00:00.0: Adding to iommu group 0"
    },
    {
      "ts": 1774476983396455000,
      "label": "[    7.068269] pci 0000:00:01.0: Adding to iommu group 1"
    },
    {
      "ts": 1774476983400421000,
      "label": "[    7.072239] pci 0000:00:02.0: Adding to iommu group 2"
    },
    {
      "ts": 1774476983404257000,
      "label": "[    7.076005] pci 0000:00:03.0: Adding to iommu group 3"
    },
    {
      "ts": 1774476983636084000,
      "label": "[    7.308144] loop: module loaded"
    },
    {
      "ts": 1774476983676331000,
      "label": "[    7.348303] megasas: 07.734.00.00-rc1"
    },
    {
      "ts": 1774476983960446000,
      "label": "[    7.632258] tun: Universal TUN/TAP device driver, 1.6"
    },
    {
      "ts": 1774476984003725000,
      "label": "[    7.675663] thunder_xcv, ver 1.0"
    },
    {
      "ts": 1774476984007099000,
      "label": "[    7.679161] thunder_bgx, ver 1.0"
    },
    {
      "ts": 1774476984010740000,
      "label": "[    7.682900] nicpf, ver 1.0"
    },
    {
      "ts": 1774476984068413000,
      "label": "[    7.740140] e1000: Intel(R) PRO/1000 Network Driver"
    },
    {
      "ts": 1774476984070856000,
      "label": "[    7.742575] e1000: Copyright (c) 1999-2006 Intel Corporation."
    },
    {
      "ts": 1774476984074558000,
      "label": "[    7.746416] e1000e: Intel(R) PRO/1000 Network Driver"
    },
    {
      "ts": 1774476984076743000,
      "label": "[    7.748439] e1000e: Copyright(c) 1999 - 2015 Intel Corporation."
    },
    {
      "ts": 1774476984081156000,
      "label": "[    7.752860] igb: Intel(R) Gigabit Ethernet Network Driver"
    },
    {
      "ts": 1774476984083397000,
      "label": "[    7.755058] igb: Copyright (c) 2007-2014 Intel Corporation."
    },
    {
      "ts": 1774476984087562000,
      "label": "[    7.759065] igbvf: Intel(R) Gigabit Virtual Function Network Driver"
    },
    {
      "ts": 1774476984090189000,
      "label": "[    7.761790] igbvf: Copyright (c) 2009 - 2012 Intel Corporation."
    },
    {
      "ts": 1774476984105236000,
      "label": "[    7.777272] sky2: driver version 1.30"
    },
    {
      "ts": 1774476984161371000,
      "label": "[    7.833196] VFIO - User Level meta-driver version: 0.3"
    },
    {
      "ts": 1774476984305145000,
      "label": "[    7.976629] usbcore: registered new interface driver usb-storage"
    },
    {
      "ts": 1774476984417979000,
      "label": "[    8.089881] rtc-efi rtc-efi.0: registered as rtc0"
    },
    {
      "ts": 1774476984425357000,
      "label": "[    8.095213] rtc-efi rtc-efi.0: setting system clock to 2026-03-25T22:16:24 UTC (1774476984)"
    },
    {
      "ts": 1774476984454891000,
      "label": "[    8.126904] i2c_dev: i2c /dev entries driver"
    },
    {
      "ts": 1774476984727996000,
      "label": "[    8.399567] sdhci: Secure Digital Host Controller Interface driver"
    },
    {
      "ts": 1774476984730255000,
      "label": "[    8.402191] sdhci: Copyright(c) Pierre Ossman"
    },
    {
      "ts": 1774476984767800000,
      "label": "[    8.439202] Synopsys Designware Multimedia Card Interface Driver"
    },
    {
      "ts": 1774476984817832000,
      "label": "[    8.489549] sdhci-pltfm: SDHCI platform and OF driver helper"
    },
    {
      "ts": 1774476984933302000,
      "label": "[    8.605024] pstore: Using crash dump compression: deflate"
    },
    {
      "ts": 1774476984935994000,
      "label": "[    8.607638] pstore: Registered efi_pstore as persistent store backend"
    },
    {
      "ts": 1774476984947451000,
      "label": "[    8.618935] SMCCC: SOC_ID: ARCH_SOC_ID not implemented, skipping ...."
    },
    {
      "ts": 1774476985000035000,
      "label": "[    8.671769] usbcore: registered new interface driver usbhid"
    },
    {
      "ts": 1774476985001806000,
      "label": "[    8.673913] usbhid: USB HID core driver"
    },
    {
      "ts": 1774476985149571000,
      "label": "[    8.820269] hw perfevents: enabled with armv8_pmuv3 PMU driver, 7 (0,8000003f) counters available"
    },
    {
      "ts": 1774476985308638000,
      "label": "[    8.980482] NET: Registered PF_PACKET protocol family"
    },
    {
      "ts": 1774476985317280000,
      "label": "[    8.989324] 9pnet: Installing 9P2000 support"
    },
    {
      "ts": 1774476985320632000,
      "label": "[    8.992663] Key type dns_resolver registered"
    },
    {
      "ts": 1774476985877882000,
      "label": "[    9.549842] registered taskstats version 1"
    },
    {
      "ts": 1774476985887506000,
      "label": "[    9.559310] Loading compiled-in X.509 certificates"
    },
    {
      "ts": 1774476986353118000,
      "label": "[   10.024996] Demotion targets for Node 0: null"
    },
    {
      "ts": 1774476986383826000,
      "label": "[   10.055344] virtio-pci 0000:00:01.0: enabling device (0000 -> 0003)"
    },
    {
      "ts": 1774476986498122000,
      "label": "[   10.169565] virtio-pci 0000:00:02.0: enabling device (0000 -> 0003)"
    },
    {
      "ts": 1774476986518086000,
      "label": "[   10.189416] virtio-pci 0000:00:03.0: enabling device (0000 -> 0003)"
    },
    {
      "ts": 1774476986527180000,
      "label": "[   10.198435] virtio_blk virtio2: 1/0/0 default/read/poll queues"
    },
    {
      "ts": 1774476986546789000,
      "label": "[   10.217903] virtio_blk virtio2: [vda] 20971520 512-byte logical blocks (10.7 GB/10.0 GiB)"
    },
    {
      "ts": 1774476986682231000,
      "label": "[   10.353496] input: gpio-keys as /devices/platform/gpio-keys/input/input0"
    },
    {
      "ts": 1774476986718068000,
      "label": "[   10.390079] clk: Disabling unused clocks"
    },
    {
      "ts": 1774476986721601000,
      "label": "[   10.393435] PM: genpd: Disabling unused power domains"
    },
    {
      "ts": 1774476986747092000,
      "label": "[   10.418819] check access for rdinit=/init failed: -2, ignoring"
    },
    {
      "ts": 1774476987617585000,
      "label": "[   11.287385] EXT4-fs (vda): mounted filesystem 08fabae9-6bab-4b8c-ac88-7177f47bd170 r/w with ordered data mode. Quota mode: none."
    },
    {
      "ts": 1774476987621552000,
      "label": "[   11.293121] VFS: Mounted root (ext4 filesystem) on device 254:0."
    },
    {
      "ts": 1774476987630227000,
      "label": "[   11.302438] devtmpfs: mounted"
    },
    {
      "ts": 1774476987956497000,
      "label": "[   11.628313] Freeing unused kernel memory: 3264K"
    },
    {
      "ts": 1774476987963990000,
      "label": "[   11.636080] Run /init as init process"
    },
    {
      "ts": 1774476988825593000,
      "label": "+ export PATH=/usr/bin:/bin:/sbin"
    },
    {
      "ts": 1774476988831325000,
      "label": "+ PATH=/usr/bin:/bin:/sbin"
    },
    {
      "ts": 1774476988835471000,
      "label": "+ mount -t proc none /proc"
    },
    {
      "ts": 1774476989275264000,
      "label": "+ mount -t sysfs none /sys"
    },
    {
      "ts": 1774476989414526000,
      "label": "+ mkdir /dev/pts"
    },
    {
      "ts": 1774476989560341000,
      "label": "+ mount devpts /dev/pts -t devpts"
    },
    {
      "ts": 1774476989693558000,
      "label": "+ ln -s /proc/self/fd /dev/fd"
    },
    {
      "ts": 1774476989772787000,
      "label": "+ ln -s /proc/self/fd/0 /dev/stdin"
    },
    {
      "ts": 1774476989842837000,
      "label": "+ ln -s /proc/self/fd/1 /dev/stdout"
    },
    {
      "ts": 1774476989907154000,
      "label": "+ ln -s /proc/self/fd/2 /dev/stderr"
    },
    {
      "ts": 1774476989970966000,
      "label": "+ hostname -F /hostname"
    },
    {
      "ts": 1774476990074325000,
      "label": "+ mount -t 9p -o trans=virtio host /host"
    },
    {
      "ts": 1774476990302460000,
      "label": "+ ifconfig -a"
    },
    {
      "ts": 1774476990309802000,
      "label": "+ grep -q eth0"
    },
    {
      "ts": 1774476990670688000,
      "label": "+ ifconfig eth0 up"
    },
    {
      "ts": 1774476990786140000,
      "label": "+ ifconfig eth0 10.0.2.15 netmask 255.255.255.0 broadcast 10.0.2.255"
    },
    {
      "ts": 1774476990889241000,
      "label": "+ route add default gw 10.0.2.2"
    },
    {
      "ts": 1774476990981929000,
      "label": "+ '[' 3 -ge 1 ']'"
    },
    {
      "ts": 1774476990987433000,
      "label": "+ env INIT=true /host/host.sh"
    },
    {
      "ts": 1774476991240964000,
      "label": "+ '[' -v INIT ']'"
    },
    {
      "ts": 1774476991243881000,
      "label": "+ cd /host"
    },
    {
      "ts": 1774476991256569000,
      "label": "+ ./out/lkvm run --realm -m 256m --restricted_mem --kernel ./out/Image --disk ./out/guest.ext4 --params 'root=/dev/vda rw init=/init -- true'"
    },
    {
      "ts": 1774476991448167000,
      "label": "  Info: # lkvm run -k ./out/Image -m 256 -c 1 --name guest-74"
    },
    {
      "ts": 1774477021791035000,
      "label": "SMC_RMI_REALM_CREATE              430bc000 428ee000 > RMI_SUCCESS"
    },
    {
      "ts": 1774477021793567000,
      "label": "SMC_RMI_REC_AUX_COUNT             430bc000 > RMI_SUCCESS 10"
    },
    {
      "ts": 1774477075396933000,
      "label": "SMC_RMI_REC_CREATE                430bc000 54c5b000 54c5a000 > RMI_SUCCESS"
    },
    {
      "ts": 1774477075399487000,
      "label": "SMC_RMI_REALM_ACTIVATE            430bc000 > RMI_SUCCESS"
    },
    {
      "ts": 1774477093018141000,
      "label": "PSCI_84000000                     0 0 0 0 0 0 0 > 10001 0 0 0"
    },
    {
      "ts": 1774477093021662000,
      "label": "PSCI_84000006                     0 0 0 0 0 0 0 > ffffffffffffffff 0 0 0"
    },
    {
      "ts": 1774477093022621000,
      "label": "PSCI_8400000a                     80000000 0 0 0 0 0 0 > 0 0 0 0"
    },
    {
      "ts": 1774477093023295000,
      "label": "SMC_80000000                      0 0 0 0 0 0 0 > 10002 0 0 0"
    },
    {
      "ts": 1774477093024230000,
      "label": "SMC_84000050                      1 0 0 ffffac281ade0000 ffffac281abf8000 0 0 > ffffffffffffffff 0 0 0"
    },
    {
      "ts": 1774477093025331000,
      "label": "SMC_80000001                      80000002 ffff 0 ffffac281ade0000 ffffac281abf8000 ffffac281a42f000 ffffac281a42f958 > ffffffffffffffff 0 0 0"
    },
    {
      "ts": 1774477093026161000,
      "label": "PSCI_8400000a                     c4000001 0 0 0 0 0 0 > 0 0 0 0"
    },
    {
      "ts": 1774477093026931000,
      "label": "PSCI_8400000a                     c400000e 0 0 0 0 0 0 > ffffffffffffffff 0 0 0"
    },
    {
      "ts": 1774477093027604000,
      "label": "PSCI_8400000a                     c4000012 0 0 0 0 0 0 > ffffffffffffffff 0 0 0"
    },
    {
      "ts": 1774477093028280000,
      "label": "PSCI_8400000a                     c4000015 0 0 0 0 0 0 > ffffffffffffffff 0 0 0"
    },
    {
      "ts": 1774477093031142000,
      "label": "SMC_8600ff01                      ffffac281a805140 10002 0 0 0 0 ffffac281a7f3cd8 > ffffffffffffffff 0 0 0"
    },
    {
      "ts": 1774477093032688000,
      "label": "SMC_RSI_VERSION                   10000 > RSI_SUCCESS 10000 10000"
    },
    {
      "ts": 1774477093034568000,
      "label": "SMC_RSI_REALM_CONFIG              82750000 > RSI_SUCCESS"
    },
    {
      "ts": 1774477093035896000,
      "label": "SMC_RSI_IPA_STATE_SET             80000000 90000000 1 0"
    },
    {
      "ts": 1774477093511528000,
      "label": "Accessing unknown ID register S3_0_C0_C1_2"
    },
    {
      "ts": 1774477093512006000,
      "label": "Accessing unknown ID register S3_0_C0_C3_5"
    },
    {
      "ts": 1774477093512409000,
      "label": "Accessing unknown ID register S3_0_C0_C2_0"
    },
    {
      "ts": 1774477093512807000,
      "label": "Accessing unknown ID register S3_0_C0_C2_1"
    },
    {
      "ts": 1774477093513191000,
      "label": "Accessing unknown ID register S3_0_C0_C2_2"
    },
    {
      "ts": 1774477093513568000,
      "label": "Accessing unknown ID register S3_0_C0_C2_3"
    },
    {
      "ts": 1774477093513938000,
      "label": "Accessing unknown ID register S3_0_C0_C2_4"
    },
    {
      "ts": 1774477093514307000,
      "label": "Accessing unknown ID register S3_0_C0_C2_5"
    },
    {
      "ts": 1774477093514667000,
      "label": "Accessing unknown ID register S3_0_C0_C2_7"
    },
    {
      "ts": 1774477093515026000,
      "label": "Accessing unknown ID register S3_0_C0_C1_4"
    },
    {
      "ts": 1774477093515377000,
      "label": "Accessing unknown ID register S3_0_C0_C1_5"
    },
    {
      "ts": 1774477093515723000,
      "label": "Accessing unknown ID register S3_0_C0_C1_6"
    },
    {
      "ts": 1774477093516060000,
      "label": "Accessing unknown ID register S3_0_C0_C1_7"
    },
    {
      "ts": 1774477093516393000,
      "label": "Accessing unknown ID register S3_0_C0_C2_6"
    },
    {
      "ts": 1774477093516719000,
      "label": "Accessing unknown ID register S3_0_C0_C3_6"
    },
    {
      "ts": 1774477093517039000,
      "label": "Accessing unknown ID register S3_0_C0_C1_0"
    },
    {
      "ts": 1774477093517349000,
      "label": "Accessing unknown ID register S3_0_C0_C1_1"
    },
    {
      "ts": 1774477093517655000,
      "label": "Accessing unknown ID register S3_0_C0_C3_4"
    },
    {
      "ts": 1774477093517957000,
      "label": "Accessing unknown ID register S3_0_C0_C3_0"
    },
    {
      "ts": 1774477093518267000,
      "label": "Accessing unknown ID register S3_0_C0_C3_1"
    },
    {
      "ts": 1774477093520352000,
      "label": "Accessing unknown ID register S3_0_C0_C3_2"
    },
    {
      "ts": 1774477163323377000,
      "label": "SMC_RSI_IPA_STATE_SET             89a00000 8da00000 0 1"
    },
    {
      "ts": 1774477198791785000,
      "label": "SMC_RMI_DATA_DESTROY              430bc000 89a00000 > RMI_ERROR_RTT 2 0 8fa00000"
    },
    {
      "ts": 1774477199825670000,
      "label": "SMC_RMI_DATA_DESTROY              430bc000 89a00000 > RMI_ERROR_RTT 2 0 8fa00000"
    },
    {
      "ts": 1774477200197248000,
      "label": "SMC_RSI_IPA_STATE_GET             3fff0000 40000000 > RSI_SUCCESS 40000000 0"
    },
    {
      "ts": 1774477200211237000,
      "label": "SMC_RSI_IPA_STATE_GET             3ffd0000 3fff0000 > RSI_SUCCESS 3fff0000 0"
    },
    {
      "ts": 1774477200417109000,
      "label": "SMC_RSI_IPA_STATE_GET             3ffb0000 3ffc0000 > RSI_SUCCESS 3ffc0000 0"
    },
    {
      "ts": 1774477200443115000,
      "label": "SMC_RSI_IPA_STATE_GET             3ffb0000 3ffc0000 > RSI_SUCCESS 3ffc0000 0"
    },
    {
      "ts": 1774477200524197000,
      "label": "SMC_RSI_IPA_STATE_SET             82820000 82830000 0 1"
    },
    {
      "ts": 1774477200573908000,
      "label": "SMC_RMI_DATA_DESTROY              430bc000 82820000 > RMI_ERROR_RTT 3 0 82a00000"
    },
    {
      "ts": 1774477200579949000,
      "label": "SMC_RMI_DATA_DESTROY              430bc000 82820000 > RMI_ERROR_RTT 3 0 82a00000"
    },
    {
      "ts": 1774477200665588000,
      "label": "SMC_RSI_IPA_STATE_SET             82830000 82840000 0 1"
    },
    {
      "ts": 1774477200713152000,
      "label": "SMC_RMI_DATA_DESTROY              430bc000 82830000 > RMI_ERROR_RTT 3 0 82a00000"
    },
    {
      "ts": 1774477200719011000,
      "label": "SMC_RMI_DATA_DESTROY              430bc000 82830000 > RMI_ERROR_RTT 3 0 82a00000"
    },
    {
      "ts": 1774477200802136000,
      "label": "SMC_RSI_IPA_STATE_SET             82840000 82850000 0 1"
    },
    {
      "ts": 1774477200848311000,
      "label": "SMC_RMI_DATA_DESTROY              430bc000 82840000 > RMI_ERROR_RTT 3 0 82a00000"
    },
    {
      "ts": 1774477200854341000,
      "label": "SMC_RMI_DATA_DESTROY              430bc000 82840000 > RMI_ERROR_RTT 3 0 82a00000"
    },
    {
      "ts": 1774477200888298000,
      "label": "SMC_RSI_IPA_STATE_SET             82850000 82860000 0 1"
    },
    {
      "ts": 1774477200894498000,
      "label": "SMC_RMI_DATA_DESTROY              430bc000 82850000 > RMI_ERROR_RTT 3 0 82a00000"
    },
    {
      "ts": 1774477200904557000,
      "label": "SMC_RMI_DATA_DESTROY              430bc000 82850000 > RMI_ERROR_RTT 3 0 82a00000"
    },
    {
      "ts": 1774477200909154000,
      "label": "SMC_RMI_DATA_DESTROY              430bc000 82850000 > RMI_ERROR_RTT 3 0 82a00000"
    },
    {
      "ts": 1774477201036555000,
      "label": "SMC_RSI_IPA_STATE_SET             82860000 82870000 0 1"
    },
    {
      "ts": 1774477201082909000,
      "label": "SMC_RMI_DATA_DESTROY              430bc000 82860000 > RMI_ERROR_RTT 3 0 82a00000"
    },
    {
      "ts": 1774477201088311000,
      "label": "SMC_RMI_DATA_DESTROY              430bc000 82860000 > RMI_ERROR_RTT 3 0 82a00000"
    },
    {
      "ts": 1774477201223063000,
      "label": "SMC_80000001                      c5000020 64 0 0 0 d0e0015e1f4e9e2 0 > ffffffffffffffff 0 0 0"
    },
    {
      "ts": 1774477208068998000,
      "label": "SMC_RSI_IPA_STATE_SET             8da00000 8da20000 0 1"
    },
    {
      "ts": 1774477208075366000,
      "label": "SMC_RMI_DATA_DESTROY              430bc000 8da00000 > RMI_ERROR_RTT 2 0 8fa00000"
    },
    {
      "ts": 1774477208086703000,
      "label": "SMC_RMI_DATA_DESTROY              430bc000 8da00000 > RMI_ERROR_RTT 2 0 8fa00000"
    },
    {
      "ts": 1774477208090669000,
      "label": "SMC_RMI_RTT_SET_RIPAS             430bc000 54c5b000 8da00000 8da20000 > RMI_ERROR_RTT 2"
    },
    {
      "ts": 1774477208096842000,
      "label": "SMC_RMI_DATA_DESTROY              430bc000 8da00000 > RMI_ERROR_RTT 3 0 8dc00000"
    },
    {
      "ts": 1774477208125341000,
      "label": "SMC_RSI_IPA_STATE_SET             8da20000 8da40000 0 1"
    },
    {
      "ts": 1774477208132300000,
      "label": "SMC_RMI_DATA_DESTROY              430bc000 8da20000 > RMI_ERROR_RTT 3 0 8dc00000"
    },
    {
      "ts": 1774477208142308000,
      "label": "SMC_RMI_DATA_DESTROY              430bc000 8da20000 > RMI_ERROR_RTT 3 0 8dc00000"
    },
    {
      "ts": 1774477208147036000,
      "label": "SMC_RMI_DATA_DESTROY              430bc000 8da20000 > RMI_ERROR_RTT 3 0 8dc00000"
    },
    {
      "ts": 1774477208177650000,
      "label": "SMC_RSI_IPA_STATE_SET             8da40000 8da60000 0 1"
    },
    {
      "ts": 1774477208183994000,
      "label": "SMC_RMI_DATA_DESTROY              430bc000 8da40000 > RMI_ERROR_RTT 3 0 8dc00000"
    },
    {
      "ts": 1774477208193472000,
      "label": "SMC_RMI_DATA_DESTROY              430bc000 8da40000 > RMI_ERROR_RTT 3 0 8dc00000"
    },
    {
      "ts": 1774477208198121000,
      "label": "SMC_RMI_DATA_DESTROY              430bc000 8da40000 > RMI_ERROR_RTT 3 0 8dc00000"
    },
    {
      "ts": 1774477218758046000,
      "label": "SMC_RSI_IPA_STATE_GET             40000000 40100000 > RSI_SUCCESS 40100000 0"
    },
    {
      "ts": 1774477222661085000,
      "label": "SMC_RSI_IPA_STATE_GET             50000000 50001000 > RSI_SUCCESS 50001000 0"
    },
    {
      "ts": 1774477222677340000,
      "label": "SMC_RSI_IPA_STATE_GET             50000000 50001000 > RSI_SUCCESS 50001000 0"
    },
    {
      "ts": 1774477222697825000,
      "label": "SMC_RSI_IPA_STATE_GET             50000000 50001000 > RSI_SUCCESS 50001000 0"
    },
    {
      "ts": 1774477222711300000,
      "label": "SMC_RSI_IPA_STATE_GET             50000000 50001000 > RSI_SUCCESS 50001000 0"
    },
    {
      "ts": 1774477222987897000,
      "label": "SMC_RSI_IPA_STATE_GET             50000000 50001000 > RSI_SUCCESS 50001000 0"
    },
    {
      "ts": 1774477222998619000,
      "label": "SMC_RSI_IPA_STATE_GET             50000000 50001000 > RSI_SUCCESS 50001000 0"
    },
    {
      "ts": 1774477223026656000,
      "label": "SMC_RSI_IPA_STATE_GET             50000000 50001000 > RSI_SUCCESS 50001000 0"
    },
    {
      "ts": 1774477223040783000,
      "label": "SMC_RSI_IPA_STATE_GET             50000000 50001000 > RSI_SUCCESS 50001000 0"
    },
    {
      "ts": 1774477224605647000,
      "label": "SMC_RSI_IPA_STATE_GET             1000000 1001000 > RSI_SUCCESS 1001000 0"
    },
    {
      "ts": 1774477225029011000,
      "label": "[    0.000000] Booting Linux on physical CPU 0x0000000000 [0x000f0510]"
    },
    {
      "ts": 1774477226047235000,
      "label": "[    0.000000] Linux version 6.18.0-rc1-g1c7d2f6d9f76 (root@pc) (aarch64-linux-gnu-gcc (Debian 14.2.0-19) 14.2.0, GNU ld (GNU Binutils for Debian) 2.44) #1 SMP PREEMPT Wed Mar 25 22:08:07 UTC 2026"
    },
    {
      "ts": 1774477226202903000,
      "label": "[    0.000000] KASLR enabled"
    },
    {
      "ts": 1774477226447388000,
      "label": "[    0.000000] Machine model: linux,dummy-virt"
    },
    {
      "ts": 1774477226635888000,
      "label": "[    0.000000] efi: UEFI not found."
    },
    {
      "ts": 1774477227067039000,
      "label": "[    0.000000] OF: reserved mem: Reserved memory: No reserved-memory node in the DT"
    },
    {
      "ts": 1774477227487620000,
      "label": "[    0.000000] NUMA: Faking a node at [mem 0x0000000080000000-0x000000008fffffff]"
    },
    {
      "ts": 1774477227842029000,
      "label": "[    0.000000] NODE_DATA(0) allocated [mem 0x8ff86700-0x8ff88d7f]"
    },
    {
      "ts": 1774477227987672000,
      "label": "[    0.000000] Zone ranges:"
    },
    {
      "ts": 1774477228353866000,
      "label": "[    0.000000]   DMA      [mem 0x0000000080000000-0x000000008fffffff]"
    },
    {
      "ts": 1774477228533103000,
      "label": "[    0.000000]   DMA32    empty"
    },
    {
      "ts": 1774477228718957000,
      "label": "[    0.000000]   Normal   empty"
    },
    {
      "ts": 1774477228972584000,
      "label": "[    0.000000] Movable zone start for each node"
    },
    {
      "ts": 1774477229183468000,
      "label": "[    0.000000] Early memory node ranges"
    },
    {
      "ts": 1774477229557482000,
      "label": "[    0.000000]   node   0: [mem 0x0000000080000000-0x000000008fffffff]"
    },
    {
      "ts": 1774477229963627000,
      "label": "[    0.000000] Initmem setup node 0 [mem 0x0000000080000000-0x000000008fffffff]"
    },
    {
      "ts": 1774477230273678000,
      "label": "[    0.000000] cma: Reserved 32 MiB at 0x000000008da00000"
    },
    {
      "ts": 1774477230577121000,
      "label": "[    0.000000] psci: probing for conduit method from DT."
    },
    {
      "ts": 1774477230858961000,
      "label": "[    0.000000] psci: PSCIv1.1 detected in firmware."
    },
    {
      "ts": 1774477231182745000,
      "label": "[    0.000000] psci: Using standard PSCI v0.2 function IDs"
    },
    {
      "ts": 1774477231475135000,
      "label": "[    0.000000] psci: MIGRATE_INFO_TYPE not supported."
    },
    {
      "ts": 1774477231736464000,
      "label": "[    0.000000] psci: SMC Calling Convention v1.2"
    },
    {
      "ts": 1774477231965288000,
      "label": "[    0.000000] RME: Using RSI version 1.0"
    },
    {
      "ts": 1774477232345115000,
      "label": "[    0.000000] percpu: Embedded 24 pages/cpu s60888 r8192 d29224 u98304"
    },
    {
      "ts": 1774477232585914000,
      "label": "[    0.000000] Detected PIPT I-cache on CPU0"
    },
    {
      "ts": 1774477233001785000,
      "label": "[    0.000000] CPU features: detected: Address authentication (IMP DEF algorithm)"
    },
    {
      "ts": 1774477233317292000,
      "label": "[    0.000000] CPU features: detected: GICv3 CPU interface"
    },
    {
      "ts": 1774477233622238000,
      "label": "[    0.000000] CPU features: detected: HCRX_EL2 register"
    },
    {
      "ts": 1774477234078457000,
      "label": "[    0.000000] CPU features: detected: Stage-1 Permission Indirection Extension (S1PIE)"
    },
    {
      "ts": 1774477234447864000,
      "label": "[    0.000000] CPU features: detected: 52-bit Virtual Addressing (LPA2)"
    },
    {
      "ts": 1774477234710133000,
      "label": "[    0.000000] CPU features: detected: Spectre-v4"
    },
    {
      "ts": 1774477235009121000,
      "label": "[    0.000000] alternatives: applying boot alternatives"
    },
    {
      "ts": 1774477235445842000,
      "label": "[    0.000000] Kernel command line:  console=ttyS0 root=/dev/vda rw init=/init -- true"
    },
    {
      "ts": 1774477235650605000,
      "label": "[    0.000000] random: crng init done"
    },
    {
      "ts": 1774477236075653000,
      "label": "[    0.000000] printk: log buffer data + meta data: 131072 + 458752 = 589824 bytes"
    },
    {
      "ts": 1774477236525753000,
      "label": "[    0.000000] Dentry cache hash table entries: 32768 (order: 6, 262144 bytes, linear)"
    },
    {
      "ts": 1774477236968028000,
      "label": "[    0.000000] Inode-cache hash table entries: 16384 (order: 5, 131072 bytes, linear)"
    },
    {
      "ts": 1774477237201334000,
      "label": "[    0.000000] software IO TLB: area num 1."
    },
    {
      "ts": 1774477237670836000,
      "label": "[    0.000000] software IO TLB: mapped [mem 0x0000000089a00000-0x000000008da00000] (64MB)"
    },
    {
      "ts": 1774477237913743000,
      "label": "[    0.000000] Fallback order for Node 0: 0"
    },
    {
      "ts": 1774477238303846000,
      "label": "[    0.000000] Built 1 zonelists, mobility grouping on.  Total pages: 65536"
    },
    {
      "ts": 1774477238481276000,
      "label": "[    0.000000] Policy zone: DMA"
    },
    {
      "ts": 1774477238897239000,
      "label": "[    0.000000] mem auto-init: stack:all(zero), heap alloc:off, heap free:off"
    },
    {
      "ts": 1774477239285830000,
      "label": "[    0.000000] SLUB: HWalign=64, Order=0-3, MinObjects=0, CPUs=1, Nodes=1"
    },
    {
      "ts": 1774477239623311000,
      "label": "[    0.000000] rcu: Preemptible hierarchical RCU implementation."
    },
    {
      "ts": 1774477239905102000,
      "label": "[    0.000000] rcu: \tRCU event tracing is enabled."
    },
    {
      "ts": 1774477240303977000,
      "label": "[    0.000000] rcu: \tRCU restricting CPUs from NR_CPUS=512 to nr_cpu_ids=1."
    },
    {
      "ts": 1774477240607721000,
      "label": "[    0.000000] \tTrampoline variant of Tasks RCU enabled."
    },
    {
      "ts": 1774477240895419000,
      "label": "[    0.000000] \tTracing variant of Tasks RCU enabled."
    },
    {
      "ts": 1774477241339502000,
      "label": "[    0.000000] rcu: RCU calculated value of scheduler-enlistment delay is 10 jiffies."
    },
    {
      "ts": 1774477241713537000,
      "label": "[    0.000000] rcu: Adjusting geometry for rcu_fanout_leaf=16, nr_cpu_ids=1"
    },
    {
      "ts": 1774477242223783000,
      "label": "[    0.000000] RCU Tasks: Setting shift to 0 and lim to 1 rcu_task_cb_adjust=1 rcu_task_cpu_ids=1."
    },
    {
      "ts": 1774477242787238000,
      "label": "[    0.000000] RCU Tasks Trace: Setting shift to 0 and lim to 1 rcu_task_cb_adjust=1 rcu_task_cpu_ids=1."
    },
    {
      "ts": 1774477243105223000,
      "label": "[    0.000000] NR_IRQS: 64, nr_irqs: 64, preallocated irqs: 0"
    },
    {
      "ts": 1774477243325373000,
      "label": "[    0.000000] GICv3: 32 SPIs implemented"
    },
    {
      "ts": 1774477243591210000,
      "label": "[    0.000000] GICv3: 0 Extended SPIs implemented"
    },
    {
      "ts": 1774477243833381000,
      "label": "[    0.000000] Root IRQ handler: gic_handle_irq"
    },
    {
      "ts": 1774477244126944000,
      "label": "[    0.000000] GICv3: GICv3 features: 16 PPIs, DirectLPI"
    },
    {
      "ts": 1774477244398939000,
      "label": "[    0.000000] GICv3: GICD_CTLR.DS=1, SCR_EL3.FIQ=0"
    },
    {
      "ts": 1774477244803075000,
      "label": "[    0.000000] GICv3: CPU0: found redistributor 0 region 0:0x000000003ffd0000"
    },
    {
      "ts": 1774477245043073000,
      "label": "[    0.000000] ITS [mem 0x3ffb0000-0x3ffcffff]"
    },
    {
      "ts": 1774477245583026000,
      "label": "[    0.000000] ITS@0x000000003ffb0000: allocated 8192 Devices @82830000 (indirect, esz 8, psz 64K, shr 1)"
    },
    {
      "ts": 1774477246141241000,
      "label": "[    0.000000] ITS@0x000000003ffb0000: allocated 8192 Interrupt Collections @82840000 (flat, esz 8, psz 64K, shr 1)"
    },
    {
      "ts": 1774477246487334000,
      "label": "[    0.000000] GICv3: using LPI property table @0x0000000082850000"
    },
    {
      "ts": 1774477246895603000,
      "label": "[    0.000000] GICv3: CPU0: using allocated LPI pending table @0x0000000082860000"
    },
    {
      "ts": 1774477247283351000,
      "label": "[    0.000000] rcu: srcu_init: Setting srcu_struct sizes based on contention."
    },
    {
      "ts": 1774477247625179000,
      "label": "[    0.000000] arch_timer: cp15 timer running at 1000.00MHz (virt)."
    },
    {
      "ts": 1774477248275283000,
      "label": "[    0.000000] clocksource: arch_sys_counter: mask: 0x1fffffffffffffff max_cycles: 0x1cd42e4dffb, max_idle_ns: 881590591483 ns"
    },
    {
      "ts": 1774477248737430000,
      "label": "[    0.000248] sched_clock: 61 bits at 1000MHz, resolution 1ns, wraps every 4398046511103ns"
    },
    {
      "ts": 1774477249001296000,
      "label": "[    0.153883] Console: colour dummy device 80x25"
    },
    {
      "ts": 1774477249617531000,
      "label": "[    0.199564] Calibrating delay loop (skipped), value calculated using timer frequency.. 2000.00 BogoMIPS (lpj=10000000)"
    },
    {
      "ts": 1774477249894983000,
      "label": "[    0.208810] pid_max: default: 32768 minimum: 301"
    },
    {
      "ts": 1774477250151102000,
      "label": "[    0.249624] LSM: initializing lsm=capability"
    },
    {
      "ts": 1774477250571291000,
      "label": "[    0.292818] Mount-cache hash table entries: 512 (order: 0, 4096 bytes, linear)"
    },
    {
      "ts": 1774477251005419000,
      "label": "[    0.297081] Mountpoint-cache hash table entries: 512 (order: 0, 4096 bytes, linear)"
    },
    {
      "ts": 1774477251366165000,
      "label": "[    0.997869] cacheinfo: Unable to detect cache hierarchy for CPU 0"
    },
    {
      "ts": 1774477251655402000,
      "label": "[    1.464247] rcu: Hierarchical SRCU implementation."
    },
    {
      "ts": 1774477251963719000,
      "label": "[    1.464459] rcu: \tMax phase no-delay instances is 1000."
    },
    {
      "ts": 1774477252217175000,
      "label": "[    1.767483] fsl-mc MSI: msic domain created"
    },
    {
      "ts": 1774477252485778000,
      "label": "[    1.793310] EFI services will not be available."
    },
    {
      "ts": 1774477252757632000,
      "label": "[    1.834669] smp: Bringing up secondary CPUs ..."
    },
    {
      "ts": 1774477253001871000,
      "label": "[    1.837903] smp: Brought up 1 node, 1 CPU"
    },
    {
      "ts": 1774477253283788000,
      "label": "[    1.838183] SMP: Total of 1 processors activated."
    },
    {
      "ts": 1774477253537208000,
      "label": "[    1.846318] CPU: All CPU(s) started at EL1"
    },
    {
      "ts": 1774477253891233000,
      "label": "[    1.848010] CPU features: detected: Branch Target Identification"
    },
    {
      "ts": 1774477254193001000,
      "label": "[    1.848292] CPU features: detected: 32-bit EL0 Support"
    },
    {
      "ts": 1774477254495483000,
      "label": "[    1.848455] CPU features: detected: 32-bit EL1 Support"
    },
    {
      "ts": 1774477254863137000,
      "label": "[    1.848619] CPU features: detected: ARMv8.4 Translation Table Level"
    },
    {
      "ts": 1774477255387192000,
      "label": "[    1.848834] CPU features: detected: Instruction cache invalidation not required for I/D coherence"
    },
    {
      "ts": 1774477255887537000,
      "label": "[    1.849062] CPU features: detected: Data cache clean to the PoU not required for I/D coherence"
    },
    {
      "ts": 1774477256255300000,
      "label": "[    1.849383] CPU features: detected: Common not Private translations"
    },
    {
      "ts": 1774477256551259000,
      "label": "[    1.849561] CPU features: detected: CRC32 instructions"
    },
    {
      "ts": 1774477256952328000,
      "label": "[    1.849719] CPU features: detected: Data independent timing control (DIT)"
    },
    {
      "ts": 1774477257193023000,
      "label": "[    1.849890] CPU features: detected: E0PD"
    },
    {
      "ts": 1774477257557664000,
      "label": "[    1.850046] CPU features: detected: Enhanced Counter Virtualization"
    },
    {
      "ts": 1774477257977156000,
      "label": "[    1.850217] CPU features: detected: Enhanced Counter Virtualization (CNTPOFF)"
    },
    {
      "ts": 1774477258351199000,
      "label": "[    1.857325] CPU features: detected: Enhanced Privileged Access Never"
    },
    {
      "ts": 1774477258703789000,
      "label": "[    1.857522] CPU features: detected: Enhanced Virtualization Traps"
    },
    {
      "ts": 1774477259007689000,
      "label": "[    1.857731] CPU features: detected: Fine Grained Traps"
    },
    {
      "ts": 1774477259420800000,
      "label": "[    1.858327] CPU features: detected: Generic authentication (IMP DEF algorithm)"
    },
    {
      "ts": 1774477259765777000,
      "label": "[    1.858767] CPU features: detected: RCpc load-acquire (LDAPR)"
    },
    {
      "ts": 1774477260167394000,
      "label": "[    1.859066] CPU features: detected: 52-bit Virtual Addressing for KVM (LPA2)"
    },
    {
      "ts": 1774477260493384000,
      "label": "[    1.859240] CPU features: detected: LSE atomic instructions"
    },
    {
      "ts": 1774477260825195000,
      "label": "[    1.859442] CPU features: detected: Privileged Access Never"
    },
    {
      "ts": 1774477261063581000,
      "label": "[    1.859728] CPU features: detected: PMUv3"
    },
    {
      "ts": 1774477261315848000,
      "label": "[    1.859889] CPU features: detected: SCTLR2"
    },
    {
      "ts": 1774477261631803000,
      "label": "[    1.860036] CPU features: detected: RAS Extension Support"
    },
    {
      "ts": 1774477261977675000,
      "label": "[    1.860460] CPU features: detected: RASv1p1 Extension Support"
    },
    {
      "ts": 1774477262303407000,
      "label": "[    1.860633] CPU features: detected: Random Number Generator"
    },
    {
      "ts": 1774477262647987000,
      "label": "[    1.862708] CPU features: detected: Speculation barrier (SB)"
    },
    {
      "ts": 1774477262991957000,
      "label": "[    1.868072] CPU features: detected: Stage-2 Force Write-Back"
    },
    {
      "ts": 1774477263432250000,
      "label": "[    1.868297] CPU features: detected: Trap EL0 IMPLEMENTATION DEFINED functionality"
    },
    {
      "ts": 1774477263823062000,
      "label": "[    1.868476] CPU features: detected: TLB range maintenance instructions"
    },
    {
      "ts": 1774477264236642000,
      "label": "[    1.869183] CPU features: detected: Speculative Store Bypassing Safe (SSBS)"
    },
    {
      "ts": 1774477264588943000,
      "label": "[    1.869351] CPU features: detected: Scalable Vector Extension"
    },
    {
      "ts": 1774477264924072000,
      "label": "[    1.934973] alternatives: applying system-wide alternatives"
    },
    {
      "ts": 1774477265330886000,
      "label": "[    2.089177] CPU features: detected: Hardware dirty bit management on CPU0"
    },
    {
      "ts": 1774477265721672000,
      "label": "[    2.116198] SVE: maximum available vector length 256 bytes per vector"
    },
    {
      "ts": 1774477266048648000,
      "label": "[    2.117000] SVE: default vector length 64 bytes per vector"
    },
    {
      "ts": 1774477266862582000,
      "label": "[    2.276539] Memory: 114212K/262144K available (18432K kernel code, 5418K rwdata, 12916K rodata, 3264K init, 687K bss, 113372K reserved, 32768K cma-reserved)"
    },
    {
      "ts": 1774477267065677000,
      "label": "[    2.532772] devtmpfs: initialized"
    },
    {
      "ts": 1774477267653776000,
      "label": "[    3.133068] clocksource: jiffies: mask: 0xffffffff max_cycles: 0xffffffff, max_idle_ns: 19112604462750000 ns"
    },
    {
      "ts": 1774477268077086000,
      "label": "[    3.135647] posixtimers hash table entries: 512 (order: 1, 8192 bytes, linear)"
    },
    {
      "ts": 1774477268592126000,
      "label": "[    3.178579] futex hash table entries: 256 (16384 bytes on 1 NUMA nodes, total 16 KiB, linear)."
    },
    {
      "ts": 1774477268964998000,
      "label": "[    3.206015] 2G module region forced by RANDOMIZE_MODULE_REGION_FULL"
    },
    {
      "ts": 1774477269227599000,
      "label": "[    3.206381] 0 pages in range for non-PLT usage"
    },
    {
      "ts": 1774477269508011000,
      "label": "[    3.206651] 514048 pages in range for PLT usage"
    },
    {
      "ts": 1774477269824353000,
      "label": "[    3.269911] pinctrl core: initialized pinctrl subsystem"
    },
    {
      "ts": 1774477270057602000,
      "label": "[    3.539638] DMI not present or invalid."
    },
    {
      "ts": 1774477270418096000,
      "label": "[    6.698092] NET: Registered PF_NETLINK/PF_ROUTE protocol family"
    },
    {
      "ts": 1774477270843549000,
      "label": "[    6.903702] DMA: preallocated 128 KiB GFP_KERNEL pool for atomic allocations"
    },
    {
      "ts": 1774477271297207000,
      "label": "[    6.949852] DMA: preallocated 128 KiB GFP_KERNEL|GFP_DMA pool for atomic allocations"
    },
    {
      "ts": 1774477271769591000,
      "label": "[    7.001998] DMA: preallocated 128 KiB GFP_KERNEL|GFP_DMA32 pool for atomic allocations"
    },
    {
      "ts": 1774477272092975000,
      "label": "[    7.003625] audit: initializing netlink subsys (disabled)"
    },
    {
      "ts": 1774477272603392000,
      "label": "[    7.065299] audit: type=2000 audit(4.830:1): state=initialized audit_enabled=0 res=1"
    },
    {
      "ts": 1774477272952484000,
      "label": "[    7.199163] thermal_sys: Registered thermal governor 'step_wise'"
    },
    {
      "ts": 1774477273333057000,
      "label": "[    7.199405] thermal_sys: Registered thermal governor 'power_allocator'"
    },
    {
      "ts": 1774477273567207000,
      "label": "[    7.210003] cpuidle: using governor menu"
    },
    {
      "ts": 1774477273963269000,
      "label": "[    7.257913] hw-breakpoint: found 6 breakpoint and 4 watchpoint registers."
    },
    {
      "ts": 1774477274293402000,
      "label": "[    7.262604] ASID allocator initialised with 65536 entries"
    },
    {
      "ts": 1774477274535268000,
      "label": "[    7.638090] Serial: AMBA PL011 UART driver"
    },
    {
      "ts": 1774477274923463000,
      "label": "[    8.262780] HugeTLB: registered 1.00 GiB page size, pre-allocated 0 pages"
    },
    {
      "ts": 1774477275277219000,
      "label": "[    8.266656] HugeTLB: 0 KiB vmemmap can be freed for a 1.00 GiB page"
    },
    {
      "ts": 1774477275663346000,
      "label": "[    8.266958] HugeTLB: registered 32.0 MiB page size, pre-allocated 0 pages"
    },
    {
      "ts": 1774477276023634000,
      "label": "[    8.267128] HugeTLB: 0 KiB vmemmap can be freed for a 32.0 MiB page"
    },
    {
      "ts": 1774477276427809000,
      "label": "[    8.267364] HugeTLB: registered 2.00 MiB page size, pre-allocated 0 pages"
    },
    {
      "ts": 1774477276791396000,
      "label": "[    8.267539] HugeTLB: 0 KiB vmemmap can be freed for a 2.00 MiB page"
    },
    {
      "ts": 1774477277219697000,
      "label": "[    8.267785] HugeTLB: registered 64.0 KiB page size, pre-allocated 0 pages"
    },
    {
      "ts": 1774477277593744000,
      "label": "[    8.267953] HugeTLB: 0 KiB vmemmap can be freed for a 64.0 KiB page"
    },
    {
      "ts": 1774477277843654000,
      "label": "[    8.848928] ACPI: Interpreter disabled."
    },
    {
      "ts": 1774477278147946000,
      "label": "[    9.074535] iommu: Default domain type: Translated"
    },
    {
      "ts": 1774477278499403000,
      "label": "[    9.074796] iommu: DMA domain TLB invalidation policy: strict mode"
    },
    {
      "ts": 1774477278726237000,
      "label": "[    9.114141] SCSI subsystem initialized"
    },
    {
      "ts": 1774477279055957000,
      "label": "[    9.198081] usbcore: registered new interface driver usbfs"
    },
    {
      "ts": 1774477279360819000,
      "label": "[    9.200596] usbcore: registered new interface driver hub"
    },
    {
      "ts": 1774477279656049000,
      "label": "[    9.207575] usbcore: registered new device driver usb"
    },
    {
      "ts": 1774477279961949000,
      "label": "[    9.264553] pps_core: LinuxPPS API ver. 1 registered"
    },
    {
      "ts": 1774477280482826000,
      "label": "[    9.264737] pps_core: Software ver. 5.3.6 - Copyright 2005-2007 Rodolfo Giometti <giometti@linux.it>"
    },
    {
      "ts": 1774477280718526000,
      "label": "[    9.265442] PTP clock support registered"
    },
    {
      "ts": 1774477280912984000,
      "label": "[    9.274369] EDAC MC: Ver: 3.0.0"
    },
    {
      "ts": 1774477281210947000,
      "label": "[    9.353894] scmi_core: SCMI protocol bus registered"
    },
    {
      "ts": 1774477281417685000,
      "label": "[    9.457106] FPGA manager framework"
    },
    {
      "ts": 1774477281587639000,
      "label": "[    9.733201] vgaarb: loaded"
    },
    {
      "ts": 1774477281965317000,
      "label": "[    9.844676] clocksource: Switched to clocksource arch_sys_counter"
    },
    {
      "ts": 1774477282193351000,
      "label": "[   10.209327] VFS: Disk quotas dquot_6.6.0"
    },
    {
      "ts": 1774477282587054000,
      "label": "[   10.218448] VFS: Dquot-cache hash table entries: 512 (order 0, 4096 bytes)"
    },
    {
      "ts": 1774477282794123000,
      "label": "[   10.508266] pnp: PnP ACPI: disabled"
    },
    {
      "ts": 1774477283083073000,
      "label": "[   11.980180] NET: Registered PF_INET protocol family"
    },
    {
      "ts": 1774477283537253000,
      "label": "[   12.069111] IP idents hash table entries: 4096 (order: 3, 32768 bytes, linear)"
    },
    {
      "ts": 1774477284042139000,
      "label": "[   12.273212] tcp_listen_portaddr_hash hash table entries: 256 (order: 0, 4096 bytes, linear)"
    },
    {
      "ts": 1774477284497913000,
      "label": "[   12.283220] Table-perturb hash table entries: 65536 (order: 6, 262144 bytes, linear)"
    },
    {
      "ts": 1774477284958108000,
      "label": "[   12.288016] TCP established hash table entries: 2048 (order: 2, 16384 bytes, linear)"
    },
    {
      "ts": 1774477285384174000,
      "label": "[   12.313198] TCP bind hash table entries: 2048 (order: 4, 65536 bytes, linear)"
    },
    {
      "ts": 1774477285767174000,
      "label": "[   12.448717] TCP: Hash tables configured (established 2048 bind 2048)"
    },
    {
      "ts": 1774477286145917000,
      "label": "[   12.622947] UDP hash table entries: 256 (order: 2, 16384 bytes, linear)"
    },
    {
      "ts": 1774477286564477000,
      "label": "[   12.658398] UDP-Lite hash table entries: 256 (order: 2, 16384 bytes, linear)"
    },
    {
      "ts": 1774477286911444000,
      "label": "[   12.723121] NET: Registered PF_UNIX/PF_LOCAL protocol family"
    },
    {
      "ts": 1774477287277309000,
      "label": "[   12.892765] RPC: Registered named UNIX socket transport module."
    },
    {
      "ts": 1774477287568041000,
      "label": "[   12.893096] RPC: Registered udp transport module."
    },
    {
      "ts": 1774477287854050000,
      "label": "[   12.897174] RPC: Registered tcp transport module."
    },
    {
      "ts": 1774477288187331000,
      "label": "[   12.897408] RPC: Registered tcp-with-tls transport module."
    },
    {
      "ts": 1774477288565121000,
      "label": "[   12.897593] RPC: Registered tcp NFSv4.1 backchannel transport module."
    },
    {
      "ts": 1774477288805098000,
      "label": "[   12.898113] PCI: CLS 0 bytes, default 64"
    },
    {
      "ts": 1774477289058119000,
      "label": "[   12.928407] kvm [1]: HYP mode not available"
    },
    {
      "ts": 1774477289326434000,
      "label": "[   13.170158] Initialise system trusted keyrings"
    },
    {
      "ts": 1774477289713705000,
      "label": "[   13.218878] workingset: timestamp_bits=42 max_order=16 bucket_order=0"
    },
    {
      "ts": 1774477290061474000,
      "label": "[   13.298410] squashfs: version 4.0 (2009/01/31) Phillip Lougher"
    },
    {
      "ts": 1774477290361996000,
      "label": "[   13.518909] NFS: Registering the id_resolver key type"
    },
    {
      "ts": 1774477290611430000,
      "label": "[   13.520205] Key type id_resolver registered"
    },
    {
      "ts": 1774477290863941000,
      "label": "[   13.520447] Key type id_legacy registered"
    },
    {
      "ts": 1774477291247301000,
      "label": "[   13.528017] nfs4filelayout_init: NFSv4 File Layout Driver Registering..."
    },
    {
      "ts": 1774477291672514000,
      "label": "[   13.528498] nfs4flexfilelayout_init: NFSv4 Flexfile Layout Driver Registering..."
    },
    {
      "ts": 1774477291993251000,
      "label": "[   13.550527] 9p: Installing v9fs 9p2000 file system support"
    },
    {
      "ts": 1774477292244120000,
      "label": "[   16.438884] Key type asymmetric registered"
    },
    {
      "ts": 1774477292542269000,
      "label": "[   16.439282] Asymmetric key parser 'x509' registered"
    },
    {
      "ts": 1774477292983987000,
      "label": "[   16.457798] Block layer SCSI generic (bsg) driver version 0.4 loaded (major 244)"
    },
    {
      "ts": 1774477293267846000,
      "label": "[   16.458464] io scheduler mq-deadline registered"
    },
    {
      "ts": 1774477293513880000,
      "label": "[   16.458869] io scheduler kyber registered"
    },
    {
      "ts": 1774477293753222000,
      "label": "[   16.463184] io scheduler bfq registered"
    },
    {
      "ts": 1774477294111929000,
      "label": "[   17.382999] ledtrig-cpu: registered to indicate activity on CPUs"
    },
    {
      "ts": 1774477294488010000,
      "label": "[   17.509016] pci-host-generic 40000000.pci: host bridge /pci ranges:"
    },
    {
      "ts": 1774477294996268000,
      "label": "[   17.518592] pci-host-generic 40000000.pci:       IO 0x0000000000..0x000000ffff -> 0x0000000000"
    },
    {
      "ts": 1774477295502852000,
      "label": "[   17.527460] pci-host-generic 40000000.pci:      MEM 0x0050000000..0x007fffffff -> 0x0050000000"
    },
    {
      "ts": 1774477296003989000,
      "label": "[   17.558382] pci-host-generic 40000000.pci: ECAM at [mem 0x40000000-0x4fffffff] for [bus 00]"
    },
    {
      "ts": 1774477296395231000,
      "label": "[   17.600218] pci-host-generic 40000000.pci: PCI host bridge to bus 0000:00"
    },
    {
      "ts": 1774477296707508000,
      "label": "[   17.607539] pci_bus 0000:00: root bus resource [bus 00]"
    },
    {
      "ts": 1774477297082248000,
      "label": "[   17.608119] pci_bus 0000:00: root bus resource [io  0x0000-0xffff]"
    },
    {
      "ts": 1774477297481558000,
      "label": "[   17.608628] pci_bus 0000:00: root bus resource [mem 0x50000000-0x7fffffff]"
    },
    {
      "ts": 1774477297974228000,
      "label": "[   17.689382] pci 0000:00:00.0: [1af4:1041] type 00 class 0x020000 conventional PCI endpoint"
    },
    {
      "ts": 1774477298294725000,
      "label": "[   17.938319] pci 0000:00:00.0: BAR 0 [io  0x6200-0x62ff]"
    },
    {
      "ts": 1774477298648573000,
      "label": "[   17.942967] pci 0000:00:00.0: BAR 1 [mem 0x50000000-0x500000ff]"
    },
    {
      "ts": 1774477299003157000,
      "label": "[   17.949485] pci 0000:00:00.0: BAR 2 [mem 0x50000400-0x500007ff]"
    },
    {
      "ts": 1774477299506187000,
      "label": "[   18.379058] pci 0000:00:01.0: [1af4:1042] type 00 class 0x018000 conventional PCI endpoint"
    },
    {
      "ts": 1774477299820204000,
      "label": "[   18.509410] pci 0000:00:01.0: BAR 0 [io  0x6300-0x63ff]"
    },
    {
      "ts": 1774477300180691000,
      "label": "[   18.517054] pci 0000:00:01.0: BAR 1 [mem 0x50000800-0x500008ff]"
    },
    {
      "ts": 1774477300535762000,
      "label": "[   18.519258] pci 0000:00:01.0: BAR 2 [mem 0x50000c00-0x50000fff]"
    },
    {
      "ts": 1774477300929580000,
      "label": "[   18.999522] pci 0000:00:00.0: BAR 2 [mem 0x50000000-0x500003ff]: assigned"
    },
    {
      "ts": 1774477301331111000,
      "label": "[   19.009810] pci 0000:00:01.0: BAR 2 [mem 0x50000400-0x500007ff]: assigned"
    },
    {
      "ts": 1774477301695147000,
      "label": "[   19.018870] pci 0000:00:00.0: BAR 0 [io  0x1000-0x10ff]: assigned"
    },
    {
      "ts": 1774477302102199000,
      "label": "[   19.029647] pci 0000:00:00.0: BAR 1 [mem 0x50000800-0x500008ff]: assigned"
    },
    {
      "ts": 1774477302463006000,
      "label": "[   19.038583] pci 0000:00:01.0: BAR 0 [io  0x1100-0x11ff]: assigned"
    },
    {
      "ts": 1774477302873622000,
      "label": "[   19.049096] pci 0000:00:01.0: BAR 1 [mem 0x50000900-0x500009ff]: assigned"
    },
    {
      "ts": 1774477303218040000,
      "label": "[   19.067360] pci_bus 0000:00: resource 4 [io  0x0000-0xffff]"
    },
    {
      "ts": 1774477303594029000,
      "label": "[   19.067845] pci_bus 0000:00: resource 5 [mem 0x50000000-0x7fffffff]"
    },
    {
      "ts": 1774477303972043000,
      "label": "[   22.802951] Serial: 8250/16550 driver, 4 ports, IRQ sharing enabled"
    },
    {
      "ts": 1774477304258086000,
      "label": "[   23.292996] printk: legacy console [ttyS0] disabled"
    },
    {
      "ts": 1774477304763768000,
      "label": "[   23.399168] 1000000.U6_16550A: ttyS0 at MMIO 0x1000000 (irq = 15, base_baud = 115200) is a 16550A"
    },
    {
      "ts": 1774477305061520000,
      "label": "[   23.447811] printk: legacy console [ttyS0] enabled"
    },
    {
      "ts": 1774477305226187000,
      "label": "SMC_RSI_IPA_STATE_GET             1001000 1002000 > RSI_SUCCESS 1002000 0"
    },
    {
      "ts": 1774477305745655000,
      "label": "[  104.018975] 1001000.U6_16550A: ttyS1 at MMIO 0x1001000 (irq = 16, base_baud = 115200) is a 16550A"
    },
    {
      "ts": 1774477305936310000,
      "label": "SMC_RSI_IPA_STATE_GET             1002000 1003000 > RSI_SUCCESS 1003000 0"
    },
    {
      "ts": 1774477306453535000,
      "label": "[  104.729116] 1002000.U6_16550A: ttyS2 at MMIO 0x1002000 (irq = 17, base_baud = 115200) is a 16550A"
    },
    {
      "ts": 1774477306627013000,
      "label": "SMC_RSI_IPA_STATE_GET             1003000 1004000 > RSI_SUCCESS 1004000 0"
    },
    {
      "ts": 1774477307155326000,
      "label": "[  105.419840] 1003000.U6_16550A: ttyS3 at MMIO 0x1003000 (irq = 18, base_baud = 115200) is a 16550A"
    },
    {
      "ts": 1774477307566408000,
      "label": "[  106.118600] msm_serial: driver initialized"
    },
    {
      "ts": 1774477307853881000,
      "label": "[  106.389217] SuperH (H)SCI(F) driver initialized"
    },
    {
      "ts": 1774477308112910000,
      "label": "[  106.667155] STM32 USART driver initialized"
    },
    {
      "ts": 1774477311401884000,
      "label": "[  110.017657] loop: module loaded"
    },
    {
      "ts": 1774477311851447000,
      "label": "[  110.309492] virtio_blk virtio1: 1/0/0 default/read/poll queues"
    },
    {
      "ts": 1774477312020244000,
      "label": "SMC_RSI_IPA_STATE_SET             833f0000 83400000 0 1"
    },
    {
      "ts": 1774477312072538000,
      "label": "SMC_RMI_DATA_DESTROY              430bc000 833f0000 > RMI_ERROR_RTT 3 0 83400000"
    },
    {
      "ts": 1774477312078135000,
      "label": "SMC_RMI_DATA_DESTROY              430bc000 833f0000 > RMI_ERROR_RTT 3 0 83400000"
    },
    {
      "ts": 1774477312090785000,
      "label": "SMC_RSI_IPA_STATE_SET             833a5000 833a6000 0 1"
    },
    {
      "ts": 1774477312106045000,
      "label": "SMC_RMI_DATA_DESTROY              430bc000 833a5000 > RMI_ERROR_RTT 3 0 833bc000"
    },
    {
      "ts": 1774477312110357000,
      "label": "SMC_RMI_DATA_DESTROY              430bc000 833a5000 > RMI_ERROR_RTT 3 0 833bc000"
    },
    {
      "ts": 1774477312158324000,
      "label": "SMC_RSI_IPA_STATE_GET             50000000 50001000 > RSI_SUCCESS 50001000 0"
    },
    {
      "ts": 1774477312595627000,
      "label": "SMC_RSI_IPA_STATE_SET             8da60000 8da62000 0 1"
    },
    {
      "ts": 1774477312601482000,
      "label": "SMC_RMI_DATA_DESTROY              430bc000 8da60000 > RMI_ERROR_RTT 3 0 8dc00000"
    },
    {
      "ts": 1774477312611454000,
      "label": "SMC_RMI_DATA_DESTROY              430bc000 8da60000 > RMI_ERROR_RTT 3 0 8dc00000"
    },
    {
      "ts": 1774477312616085000,
      "label": "SMC_RMI_DATA_DESTROY              430bc000 8da60000 > RMI_ERROR_RTT 3 0 8dc00000"
    },
    {
      "ts": 1774477313585720000,
      "label": "[  111.907764] virtio_blk virtio1: [vda] 20971520 512-byte logical blocks (10.7 GB/10.0 GiB)"
    },
    {
      "ts": 1774477314753488000,
      "label": "[  113.036330] software IO TLB: Memory encryption is active and system is using DMA bounce buffers"
    },
    {
      "ts": 1774477315103310000,
      "label": "[  113.712983] megasas: 07.734.00.00-rc1"
    },
    {
      "ts": 1774477316519285000,
      "label": "[  115.008803] tun: Universal TUN/TAP device driver, 1.6"
    },
    {
      "ts": 1774477316738630000,
      "label": "SMC_RSI_IPA_STATE_GET             50000000 50001000 > RSI_SUCCESS 50001000 0"
    },
    {
      "ts": 1774477317241082000,
      "label": "SMC_RSI_IPA_STATE_SET             8da62000 8da64000 0 1"
    },
    {
      "ts": 1774477317246888000,
      "label": "SMC_RMI_DATA_DESTROY              430bc000 8da62000 > RMI_ERROR_RTT 3 0 8dc00000"
    },
    {
      "ts": 1774477317257436000,
      "label": "SMC_RMI_DATA_DESTROY              430bc000 8da62000 > RMI_ERROR_RTT 3 0 8dc00000"
    },
    {
      "ts": 1774477317262619000,
      "label": "SMC_RMI_DATA_DESTROY              430bc000 8da62000 > RMI_ERROR_RTT 3 0 8dc00000"
    },
    {
      "ts": 1774477317425826000,
      "label": "SMC_RSI_IPA_STATE_SET             8da64000 8da66000 0 1"
    },
    {
      "ts": 1774477317432325000,
